This is LuaHBTeX, Version 1.17.0 (TeX Live 2023)  (format=lualatex 2023.9.2)  22 SEP 2026 12:59
 restricted system commands enabled.
**thesis_presentation.tex
(./thesis_presentation.tex
LaTeX2e <2023-06-01> patch level 1
L3 programming layer <2023-08-29>
Lua module: luaotfload 2023-08-31 3.26 Lua based OpenType font support
Lua module: lualibs 2023-07-13 2.76 ConTeXt Lua standard libraries.
Lua module: lualibs-extended 2023-07-13 2.76 ConTeXt Lua libraries -- extended c
ollection.
luaotfload | conf : Root cache directory is "/Users/willruppert/Library/texlive/
2023/texmf-var/luatex-cache/generic/names".
luaotfload | init : Loading fontloader "fontloader-2023-08-19.lua" from kpse-res
olved path "/usr/local/texlive/2023/texmf-dist/tex/luatex/luaotfload/fontloader-
2023-08-19.lua".
Lua-only attribute luaotfload@noligature = 1
luaotfload | init : Context OpenType loader version 3.133
Inserting `luaotfload.node_processor' in `pre_linebreak_filter'.
Inserting `luaotfload.node_processor' in `hpack_filter'.
Inserting `luaotfload.glyph_stream' in `glyph_stream_provider'.
Inserting `luaotfload.define_font' in `define_font'.
Lua-only attribute luaotfload_color_attribute = 2
luaotfload | conf : Root cache directory is "/Users/willruppert/Library/texlive/
2023/texmf-var/luatex-cache/generic/names".
Inserting `luaotfload.harf.strip_prefix' in `find_opentype_file'.
Inserting `luaotfload.harf.strip_prefix' in `find_truetype_file'.
Removing  `luaotfload.glyph_stream' from `glyph_stream_provider'.
Inserting `luaotfload.harf.glyphstream' in `glyph_stream_provider'.
Inserting `luaotfload.harf.finalize_vlist' in `post_linebreak_filter'.
Inserting `luaotfload.harf.finalize_hlist' in `hpack_filter'.
Inserting `luaotfload.cleanup_files' in `wrapup_run'.
Inserting `luaotfload.harf.finalize_unicode' in `finish_pdffile'.
Inserting `luaotfload.glyphinfo' in `glyph_info'.
Lua-only attribute luaotfload.letterspace_done = 3
Inserting `luaotfload.aux.set_sscale_dimens' in `luaotfload.patch_font'.
Inserting `luaotfload.aux.set_font_index' in `luaotfload.patch_font'.
Inserting `luaotfload.aux.patch_cambria_domh' in `luaotfload.patch_font'.
Inserting `luaotfload.aux.fixup_fontdata' in `luaotfload.patch_font_unsafe'.
Inserting `luaotfload.aux.set_capheight' in `luaotfload.patch_font'.
Inserting `luaotfload.aux.set_xheight' in `luaotfload.patch_font'.
Inserting `luaotfload.rewrite_fontname' in `luaotfload.patch_font'.
Inserting `tracingstacklevels' in `input_level_string'. (/usr/local/texlive/202
3/texmf-dist/tex/latex/beamer/beamer.cls
Document Class: beamer 2023/05/15 v3.70 A class for typesetting presentations
(/usr/local/texlive/2023/texmf-dist/tex/latex/beamer/beamerbasemodes.sty
(/usr/local/texlive/2023/texmf-dist/tex/latex/etoolbox/etoolbox.sty
Package: etoolbox 2020/10/05 v2.5k e-TeX tools for LaTeX (JAW)
\etb@tempcnta=\count183
)
\beamer@tempbox=\box51
\beamer@tempcount=\count184
\c@beamerpauses=\count185

(/usr/local/texlive/2023/texmf-dist/tex/latex/beamer/beamerbasedecode.sty
\beamer@slideinframe=\count186
\beamer@minimum=\count187
\beamer@decode@box=\box52
)
\beamer@commentbox=\box53
\beamer@modecount=\count188
)
(/usr/local/texlive/2023/texmf-dist/tex/generic/iftex/iftex.sty
Package: iftex 2022/02/03 v1.0f TeX engine tests
)
\headdp=\dimen139
\footheight=\dimen140
\sidebarheight=\dimen141
\beamer@tempdim=\dimen142
\beamer@finalheight=\dimen143
\beamer@animht=\dimen144
\beamer@animdp=\dimen145
\beamer@animwd=\dimen146
\beamer@leftmargin=\dimen147
\beamer@rightmargin=\dimen148
\beamer@leftsidebar=\dimen149
\beamer@rightsidebar=\dimen150
\beamer@boxsize=\dimen151
\beamer@vboxoffset=\dimen152
\beamer@descdefault=\dimen153
\beamer@descriptionwidth=\dimen154
\beamer@lastskip=\skip48
\beamer@areabox=\box54
\beamer@animcurrent=\box55
\beamer@animshowbox=\box56
\beamer@sectionbox=\box57
\beamer@logobox=\box58
\beamer@linebox=\box59
\beamer@sectioncount=\count189
\beamer@subsubsectionmax=\count190
\beamer@subsectionmax=\count191
\beamer@sectionmax=\count192
\beamer@totalheads=\count193
\beamer@headcounter=\count194
\beamer@partstartpage=\count195
\beamer@sectionstartpage=\count196
\beamer@subsectionstartpage=\count197
\beamer@animationtempa=\count198
\beamer@animationtempb=\count199
\beamer@xpos=\count266
\beamer@ypos=\count267
\beamer@ypos@offset=\count268
\beamer@showpartnumber=\count269
\beamer@currentsubsection=\count270
\beamer@coveringdepth=\count271
\beamer@sectionadjust=\count272
\beamer@toclastsection=\count273
\beamer@tocsectionnumber=\count274

(/usr/local/texlive/2023/texmf-dist/tex/latex/beamer/beamerbaseoptions.sty
(/usr/local/texlive/2023/texmf-dist/tex/latex/graphics/keyval.sty
Package: keyval 2022/05/29 v1.15 key=value parser (DPC)
\KV@toks@=\toks17
))
\beamer@paperwidth=\skip49
\beamer@paperheight=\skip50

(/usr/local/texlive/2023/texmf-dist/tex/latex/geometry/geometry.sty
Package: geometry 2020/01/02 v5.9 Page Geometry

(/usr/local/texlive/2023/texmf-dist/tex/generic/iftex/ifvtex.sty
Package: ifvtex 2019/10/25 v1.7 ifvtex legacy package. Use iftex instead.
)
\Gm@cnth=\count275
\Gm@cntv=\count276
\c@Gm@tempcnt=\count277
\Gm@bindingoffset=\dimen155
\Gm@wd@mp=\dimen156
\Gm@odd@mp=\dimen157
\Gm@even@mp=\dimen158
\Gm@layoutwidth=\dimen159
\Gm@layoutheight=\dimen160
\Gm@layouthoffset=\dimen161
\Gm@layoutvoffset=\dimen162
\Gm@dimlist=\toks18
)
(/usr/local/texlive/2023/texmf-dist/tex/latex/pgf/math/pgfmath.sty
(/usr/local/texlive/2023/texmf-dist/tex/latex/pgf/utilities/pgfrcs.sty
(/usr/local/texlive/2023/texmf-dist/tex/generic/pgf/utilities/pgfutil-common.te
x
\pgfutil@everybye=\toks19
\pgfutil@tempdima=\dimen163
\pgfutil@tempdimb=\dimen164
)
(/usr/local/texlive/2023/texmf-dist/tex/generic/pgf/utilities/pgfutil-latex.def
\pgfutil@abb=\box60
) (/usr/local/texlive/2023/texmf-dist/tex/generic/pgf/utilities/pgfrcs.code.tex
(/usr/local/texlive/2023/texmf-dist/tex/generic/pgf/pgf.revision.tex)
Package: pgfrcs 2023-01-15 v3.1.10 (3.1.10)
))
(/usr/local/texlive/2023/texmf-dist/tex/latex/pgf/utilities/pgfkeys.sty
(/usr/local/texlive/2023/texmf-dist/tex/generic/pgf/utilities/pgfkeys.code.tex
\pgfkeys@pathtoks=\toks20
\pgfkeys@temptoks=\toks21

(/usr/local/texlive/2023/texmf-dist/tex/generic/pgf/utilities/pgfkeyslibraryfil
tered.code.tex
\pgfkeys@tmptoks=\toks22
)))
(/usr/local/texlive/2023/texmf-dist/tex/generic/pgf/math/pgfmath.code.tex
(/usr/local/texlive/2023/texmf-dist/tex/generic/pgf/math/pgfmathutil.code.tex
\pgf@x=\dimen165
\pgf@xa=\dimen166
\pgf@xb=\dimen167
\pgf@xc=\dimen168
\pgf@y=\dimen169
\pgf@ya=\dimen170
\pgf@yb=\dimen171
\pgf@yc=\dimen172
\c@pgf@counta=\count278
\c@pgf@countb=\count279
\c@pgf@countc=\count280
\c@pgf@countd=\count281
)
(/usr/local/texlive/2023/texmf-dist/tex/generic/pgf/math/pgfmathparser.code.tex
\pgfmath@dimen=\dimen173
\pgfmath@count=\count282
\pgfmath@box=\box61
\pgfmath@toks=\toks23
\pgfmath@stack@operand=\toks24
\pgfmath@stack@operation=\toks25
)
(/usr/local/texlive/2023/texmf-dist/tex/generic/pgf/math/pgfmathfunctions.code.
tex)
(/usr/local/texlive/2023/texmf-dist/tex/generic/pgf/math/pgfmathfunctions.basic
.code.tex)
(/usr/local/texlive/2023/texmf-dist/tex/generic/pgf/math/pgfmathfunctions.trigo
nometric.code.tex)
(/usr/local/texlive/2023/texmf-dist/tex/generic/pgf/math/pgfmathfunctions.rando
m.code.tex)
(/usr/local/texlive/2023/texmf-dist/tex/generic/pgf/math/pgfmathfunctions.compa
rison.code.tex)
(/usr/local/texlive/2023/texmf-dist/tex/generic/pgf/math/pgfmathfunctions.base.
code.tex)
(/usr/local/texlive/2023/texmf-dist/tex/generic/pgf/math/pgfmathfunctions.round
.code.tex)
(/usr/local/texlive/2023/texmf-dist/tex/generic/pgf/math/pgfmathfunctions.misc.
code.tex)
(/usr/local/texlive/2023/texmf-dist/tex/generic/pgf/math/pgfmathfunctions.integ
erarithmetics.code.tex)
(/usr/local/texlive/2023/texmf-dist/tex/generic/pgf/math/pgfmathcalc.code.tex)
(/usr/local/texlive/2023/texmf-dist/tex/generic/pgf/math/pgfmathfloat.code.tex
\c@pgfmathroundto@lastzeros=\count283
))) (/usr/local/texlive/2023/texmf-dist/tex/latex/base/size10.clo
File: size10.clo 2023/05/17 v1.4n Standard LaTeX file (size option)
luaotfload | db : Font names database loaded from /Users/willruppert/Library/tex
live/2023/texmf-var/luatex-cache/generic/names/luaotfload-names.luc.gz)
(/usr/local/texlive/2023/texmf-dist/tex/latex/pgf/basiclayer/pgfcore.sty
(/usr/local/texlive/2023/texmf-dist/tex/latex/graphics/graphicx.sty
Package: graphicx 2021/09/16 v1.2d Enhanced LaTeX Graphics (DPC,SPQR)

(/usr/local/texlive/2023/texmf-dist/tex/latex/graphics/graphics.sty
Package: graphics 2022/03/10 v1.4e Standard LaTeX Graphics (DPC,SPQR)

(/usr/local/texlive/2023/texmf-dist/tex/latex/graphics/trig.sty
Package: trig 2021/08/11 v1.11 sin cos tan (DPC)
)
(/usr/local/texlive/2023/texmf-dist/tex/latex/graphics-cfg/graphics.cfg
File: graphics.cfg 2016/06/04 v1.11 sample graphics configuration
)
Package graphics Info: Driver file: luatex.def on input line 107.

(/usr/local/texlive/2023/texmf-dist/tex/latex/graphics-def/luatex.def
File: luatex.def 2022/09/22 v1.2d Graphics/color driver for luatex
))
\Gin@req@height=\dimen174
\Gin@req@width=\dimen175
)
(/usr/local/texlive/2023/texmf-dist/tex/latex/pgf/systemlayer/pgfsys.sty
(/usr/local/texlive/2023/texmf-dist/tex/generic/pgf/systemlayer/pgfsys.code.tex
Package: pgfsys 2023-01-15 v3.1.10 (3.1.10)
\pgf@x=\dimen176
\pgf@y=\dimen177
\pgf@xa=\dimen178
\pgf@ya=\dimen179
\pgf@xb=\dimen180
\pgf@yb=\dimen181
\pgf@xc=\dimen182
\pgf@yc=\dimen183
\pgf@xd=\dimen184
\pgf@yd=\dimen185
\w@pgf@writea=\write3
\r@pgf@reada=\read2
\c@pgf@counta=\count284
\c@pgf@countb=\count285
\c@pgf@countc=\count286
\c@pgf@countd=\count287
\t@pgf@toka=\toks26
\t@pgf@tokb=\toks27
\t@pgf@tokc=\toks28
\pgf@sys@id@count=\count288
(/usr/local/texlive/2023/texmf-dist/tex/generic/pgf/systemlayer/pgf.cfg
File: pgf.cfg 2023-01-15 v3.1.10 (3.1.10)
)
Driver file for pgf: pgfsys-luatex.def

(/usr/local/texlive/2023/texmf-dist/tex/generic/pgf/systemlayer/pgfsys-luatex.d
ef
File: pgfsys-luatex.def 2023-01-15 v3.1.10 (3.1.10)

(/usr/local/texlive/2023/texmf-dist/tex/generic/pgf/systemlayer/pgfsys-common-p
df.def
File: pgfsys-common-pdf.def 2023-01-15 v3.1.10 (3.1.10)
)))
(/usr/local/texlive/2023/texmf-dist/tex/generic/pgf/systemlayer/pgfsyssoftpath.
code.tex
File: pgfsyssoftpath.code.tex 2023-01-15 v3.1.10 (3.1.10)
\pgfsyssoftpath@smallbuffer@items=\count289
\pgfsyssoftpath@bigbuffer@items=\count290
)
(/usr/local/texlive/2023/texmf-dist/tex/generic/pgf/systemlayer/pgfsysprotocol.
code.tex
File: pgfsysprotocol.code.tex 2023-01-15 v3.1.10 (3.1.10)
)) (/usr/local/texlive/2023/texmf-dist/tex/latex/xcolor/xcolor.sty
Package: xcolor 2022/06/12 v2.14 LaTeX color extensions (UK)

(/usr/local/texlive/2023/texmf-dist/tex/latex/graphics-cfg/color.cfg
File: color.cfg 2016/01/02 v1.6 sample color configuration
)
Package xcolor Info: Driver file: luatex.def on input line 227.

(/usr/local/texlive/2023/texmf-dist/tex/latex/graphics/mathcolor.ltx)
Package xcolor Info: Model `cmy' substituted by `cmy0' on input line 1353.
Package xcolor Info: Model `hsb' substituted by `rgb' on input line 1357.
Package xcolor Info: Model `RGB' extended on input line 1369.
Package xcolor Info: Model `HTML' substituted by `rgb' on input line 1371.
Package xcolor Info: Model `Hsb' substituted by `hsb' on input line 1372.
Package xcolor Info: Model `tHsb' substituted by `hsb' on input line 1373.
Package xcolor Info: Model `HSB' substituted by `hsb' on input line 1374.
Package xcolor Info: Model `Gray' substituted by `gray' on input line 1375.
Package xcolor Info: Model `wave' substituted by `hsb' on input line 1376.
)
(/usr/local/texlive/2023/texmf-dist/tex/generic/pgf/basiclayer/pgfcore.code.tex
Package: pgfcore 2023-01-15 v3.1.10 (3.1.10)
(/usr/local/texlive/2023/texmf-dist/tex/generic/pgf/math/pgfint.code.tex)
(/usr/local/texlive/2023/texmf-dist/tex/generic/pgf/basiclayer/pgfcorepoints.co
de.tex
File: pgfcorepoints.code.tex 2023-01-15 v3.1.10 (3.1.10)
\pgf@picminx=\dimen186
\pgf@picmaxx=\dimen187
\pgf@picminy=\dimen188
\pgf@picmaxy=\dimen189
\pgf@pathminx=\dimen190
\pgf@pathmaxx=\dimen191
\pgf@pathminy=\dimen192
\pgf@pathmaxy=\dimen193
\pgf@xx=\dimen194
\pgf@xy=\dimen195
\pgf@yx=\dimen196
\pgf@yy=\dimen197
\pgf@zx=\dimen198
\pgf@zy=\dimen199
)
(/usr/local/texlive/2023/texmf-dist/tex/generic/pgf/basiclayer/pgfcorepathconst
ruct.code.tex
File: pgfcorepathconstruct.code.tex 2023-01-15 v3.1.10 (3.1.10)
\pgf@path@lastx=\dimen256
\pgf@path@lasty=\dimen257
)
(/usr/local/texlive/2023/texmf-dist/tex/generic/pgf/basiclayer/pgfcorepathusage
.code.tex
File: pgfcorepathusage.code.tex 2023-01-15 v3.1.10 (3.1.10)
\pgf@shorten@end@additional=\dimen258
\pgf@shorten@start@additional=\dimen259
)
(/usr/local/texlive/2023/texmf-dist/tex/generic/pgf/basiclayer/pgfcorescopes.co
de.tex
File: pgfcorescopes.code.tex 2023-01-15 v3.1.10 (3.1.10)
\pgfpic=\box62
\pgf@hbox=\box63
\pgf@layerbox@main=\box64
\pgf@picture@serial@count=\count291
)
(/usr/local/texlive/2023/texmf-dist/tex/generic/pgf/basiclayer/pgfcoregraphicst
ate.code.tex
File: pgfcoregraphicstate.code.tex 2023-01-15 v3.1.10 (3.1.10)
\pgflinewidth=\dimen260
)
(/usr/local/texlive/2023/texmf-dist/tex/generic/pgf/basiclayer/pgfcoretransform
ations.code.tex
File: pgfcoretransformations.code.tex 2023-01-15 v3.1.10 (3.1.10)
\pgf@pt@x=\dimen261
\pgf@pt@y=\dimen262
\pgf@pt@temp=\dimen263
)
(/usr/local/texlive/2023/texmf-dist/tex/generic/pgf/basiclayer/pgfcorequick.cod
e.tex
File: pgfcorequick.code.tex 2023-01-15 v3.1.10 (3.1.10)
)
(/usr/local/texlive/2023/texmf-dist/tex/generic/pgf/basiclayer/pgfcoreobjects.c
ode.tex
File: pgfcoreobjects.code.tex 2023-01-15 v3.1.10 (3.1.10)
)
(/usr/local/texlive/2023/texmf-dist/tex/generic/pgf/basiclayer/pgfcorepathproce
ssing.code.tex
File: pgfcorepathprocessing.code.tex 2023-01-15 v3.1.10 (3.1.10)
)
(/usr/local/texlive/2023/texmf-dist/tex/generic/pgf/basiclayer/pgfcorearrows.co
de.tex
File: pgfcorearrows.code.tex 2023-01-15 v3.1.10 (3.1.10)
\pgfarrowsep=\dimen264
)
(/usr/local/texlive/2023/texmf-dist/tex/generic/pgf/basiclayer/pgfcoreshade.cod
e.tex
File: pgfcoreshade.code.tex 2023-01-15 v3.1.10 (3.1.10)
\pgf@max=\dimen265
\pgf@sys@shading@range@num=\count292
\pgf@shadingcount=\count293
)
(/usr/local/texlive/2023/texmf-dist/tex/generic/pgf/basiclayer/pgfcoreimage.cod
e.tex
File: pgfcoreimage.code.tex 2023-01-15 v3.1.10 (3.1.10)
)
(/usr/local/texlive/2023/texmf-dist/tex/generic/pgf/basiclayer/pgfcoreexternal.
code.tex
File: pgfcoreexternal.code.tex 2023-01-15 v3.1.10 (3.1.10)
\pgfexternal@startupbox=\box65
)
(/usr/local/texlive/2023/texmf-dist/tex/generic/pgf/basiclayer/pgfcorelayers.co
de.tex
File: pgfcorelayers.code.tex 2023-01-15 v3.1.10 (3.1.10)
)
(/usr/local/texlive/2023/texmf-dist/tex/generic/pgf/basiclayer/pgfcoretranspare
ncy.code.tex
File: pgfcoretransparency.code.tex 2023-01-15 v3.1.10 (3.1.10)
)
(/usr/local/texlive/2023/texmf-dist/tex/generic/pgf/basiclayer/pgfcorepatterns.
code.tex
File: pgfcorepatterns.code.tex 2023-01-15 v3.1.10 (3.1.10)
)
(/usr/local/texlive/2023/texmf-dist/tex/generic/pgf/basiclayer/pgfcorerdf.code.
tex
File: pgfcorerdf.code.tex 2023-01-15 v3.1.10 (3.1.10)
))) (/usr/local/texlive/2023/texmf-dist/tex/latex/pgf/utilities/xxcolor.sty
Package: xxcolor 2003/10/24 ver 0.1
\XC@nummixins=\count294
\XC@countmixins=\count295
) (/usr/local/texlive/2023/texmf-dist/tex/latex/base/atbegshi-ltx.sty
Package: atbegshi-ltx 2021/01/10 v1.0c Emulation of the original atbegshi
package with kernel methods
)
(/usr/local/texlive/2023/texmf-dist/tex/latex/hyperref/hyperref.sty
Package: hyperref 2023-07-08 v7.01b Hypertext links for LaTeX

(/usr/local/texlive/2023/texmf-dist/tex/generic/ltxcmds/ltxcmds.sty
Package: ltxcmds 2020-05-10 v1.25 LaTeX kernel commands for general use (HO)
)
(/usr/local/texlive/2023/texmf-dist/tex/generic/pdftexcmds/pdftexcmds.sty
Package: pdftexcmds 2020-06-27 v0.33 Utility functions of pdfTeX for LuaTeX (HO
)

(/usr/local/texlive/2023/texmf-dist/tex/generic/infwarerr/infwarerr.sty
Package: infwarerr 2019/12/03 v1.5 Providing info/warning/error messages (HO)
)
Package pdftexcmds Info: \pdf@primitive is available.
Package pdftexcmds Info: \pdf@ifprimitive is available.
Package pdftexcmds Info: \pdfdraftmode found.
\pdftexcmds@toks=\toks29
)
(/usr/local/texlive/2023/texmf-dist/tex/latex/kvsetkeys/kvsetkeys.sty
Package: kvsetkeys 2022-10-05 v1.19 Key value parser (HO)
)
(/usr/local/texlive/2023/texmf-dist/tex/generic/kvdefinekeys/kvdefinekeys.sty
Package: kvdefinekeys 2019-12-19 v1.6 Define keys (HO)
)
(/usr/local/texlive/2023/texmf-dist/tex/generic/pdfescape/pdfescape.sty
Package: pdfescape 2019/12/09 v1.15 Implements pdfTeX's escape features (HO)
)
(/usr/local/texlive/2023/texmf-dist/tex/latex/hycolor/hycolor.sty
Package: hycolor 2020-01-27 v1.10 Color options for hyperref/bookmark (HO)
)
(/usr/local/texlive/2023/texmf-dist/tex/latex/letltxmacro/letltxmacro.sty
Package: letltxmacro 2019/12/03 v1.6 Let assignment for LaTeX macros (HO)
)
(/usr/local/texlive/2023/texmf-dist/tex/latex/auxhook/auxhook.sty
Package: auxhook 2019-12-17 v1.6 Hooks for auxiliary files (HO)
)
(/usr/local/texlive/2023/texmf-dist/tex/latex/hyperref/nameref.sty
Package: nameref 2023-08-07 v2.53 Cross-referencing by name of section

(/usr/local/texlive/2023/texmf-dist/tex/latex/refcount/refcount.sty
Package: refcount 2019/12/15 v3.6 Data extraction from label references (HO)
)
(/usr/local/texlive/2023/texmf-dist/tex/generic/gettitlestring/gettitlestring.s
ty
Package: gettitlestring 2019/12/15 v1.6 Cleanup title references (HO)
 (/usr/local/texlive/2023/texmf-dist/tex/latex/kvoptions/kvoptions.sty
Package: kvoptions 2022-06-15 v3.15 Key value format for package options (HO)
))
\c@section@level=\count296
)
\@linkdim=\dimen266
\Hy@linkcounter=\count297
\Hy@pagecounter=\count298

(/usr/local/texlive/2023/texmf-dist/tex/latex/hyperref/pd1enc.def
File: pd1enc.def 2023-07-08 v7.01b Hyperref: PDFDocEncoding definition (HO)
)
(/usr/local/texlive/2023/texmf-dist/tex/generic/intcalc/intcalc.sty
Package: intcalc 2019/12/15 v1.3 Expandable calculations with integers (HO)
)
\Hy@SavedSpaceFactor=\count299

(/usr/local/texlive/2023/texmf-dist/tex/latex/hyperref/puenc.def
File: puenc.def 2023-07-08 v7.01b Hyperref: PDF Unicode definition (HO)
)
Package hyperref Info: Option `unicode' set `true' on input line 4050.
Package hyperref Info: Option `bookmarks' set `true' on input line 4050.
Package hyperref Info: Option `bookmarksopen' set `true' on input line 4050.
Package hyperref Info: Option `implicit' set `false' on input line 4050.
Package hyperref Info: Hyper figures OFF on input line 4167.
Package hyperref Info: Link nesting OFF on input line 4172.
Package hyperref Info: Hyper index ON on input line 4175.
Package hyperref Info: Plain pages OFF on input line 4182.
Package hyperref Info: Backreferencing OFF on input line 4187.
Package hyperref Info: Implicit mode OFF; no redefinition of LaTeX internals.
Package hyperref Info: Bookmarks ON on input line 4434.
\c@Hy@tempcnt=\count300

(/usr/local/texlive/2023/texmf-dist/tex/latex/url/url.sty
\Urlmuskip=\muskip16
Package: url 2013/09/16  ver 3.4  Verb mode for urls, etc.
)
LaTeX Info: Redefining \url on input line 4772.
\XeTeXLinkMargin=\dimen267

(/usr/local/texlive/2023/texmf-dist/tex/generic/bitset/bitset.sty
Package: bitset 2019/12/09 v1.3 Handle bit-vector datatype (HO)

(/usr/local/texlive/2023/texmf-dist/tex/generic/bigintcalc/bigintcalc.sty
Package: bigintcalc 2019/12/15 v1.5 Expandable calculations on big integers (HO
)
))
\Fld@menulength=\count301
\Field@Width=\dimen268
\Fld@charsize=\dimen269
Package hyperref Info: Hyper figures OFF on input line 6051.
Package hyperref Info: Link nesting OFF on input line 6056.
Package hyperref Info: Hyper index ON on input line 6059.
Package hyperref Info: backreferencing OFF on input line 6066.
Package hyperref Info: Link coloring OFF on input line 6071.
Package hyperref Info: Link coloring with OCG OFF on input line 6076.
Package hyperref Info: PDF/A mode OFF on input line 6081.
\Hy@abspage=\count302


Package hyperref Message: Stopped early.

)
Package hyperref Info: Driver (autodetected): hluatex.
 (/usr/local/texlive/2023/texmf-dist/tex/latex/hyperref/hluatex.def
File: hluatex.def 2023-07-08 v7.01b Hyperref driver for luaTeX

(/usr/local/texlive/2023/texmf-dist/tex/generic/stringenc/stringenc.sty
Package: stringenc 2019/11/29 v1.12 Convert strings between diff. encodings (HO
)
)
(/usr/local/texlive/2023/texmf-dist/tex/latex/base/atveryend-ltx.sty
Package: atveryend-ltx 2020/08/19 v1.0a Emulation of the original atveryend pac
kage
with kernel methods
)
\Fld@listcount=\count303
\c@bookmark@seq@number=\count304

(/usr/local/texlive/2023/texmf-dist/tex/latex/rerunfilecheck/rerunfilecheck.sty
Package: rerunfilecheck 2022-07-10 v1.10 Rerun checks for auxiliary files (HO)

(/usr/local/texlive/2023/texmf-dist/tex/generic/uniquecounter/uniquecounter.sty
Package: uniquecounter 2019/12/15 v1.4 Provide unlimited unique counter (HO)
)
Package uniquecounter Info: New unique counter `rerunfilecheck' on input line 2
85.
)) (/usr/local/texlive/2023/texmf-dist/tex/latex/beamer/beamerbaserequires.sty
(/usr/local/texlive/2023/texmf-dist/tex/latex/beamer/beamerbasecompatibility.st
y) (/usr/local/texlive/2023/texmf-dist/tex/latex/beamer/beamerbasefont.sty
(/usr/local/texlive/2023/texmf-dist/tex/latex/amsfonts/amssymb.sty
Package: amssymb 2013/01/14 v3.01 AMS font symbols

(/usr/local/texlive/2023/texmf-dist/tex/latex/amsfonts/amsfonts.sty
Package: amsfonts 2013/01/14 v3.01 Basic AMSFonts support
\@emptytoks=\toks30
\symAMSa=\mathgroup4
\symAMSb=\mathgroup5
LaTeX Font Info:    Redeclaring math symbol \hbar on input line 98.
LaTeX Font Info:    Overwriting math alphabet `\mathfrak' in version `bold'
(Font)                  U/euf/m/n --> U/euf/b/n on input line 106.
))
(/usr/local/texlive/2023/texmf-dist/tex/latex/sansmathaccent/sansmathaccent.sty
Package: sansmathaccent 2020/01/31
(/usr/local/texlive/2023/texmf-dist/tex/latex/koma-script/scrlfile.sty
Package: scrlfile 2023/07/07 v3.41 KOMA-Script package (file load hooks)

(/usr/local/texlive/2023/texmf-dist/tex/latex/koma-script/scrlfile-hook.sty
Package: scrlfile-hook 2023/07/07 v3.41 KOMA-Script package (using LaTeX hooks)


(/usr/local/texlive/2023/texmf-dist/tex/latex/koma-script/scrlogo.sty
Package: scrlogo 2023/07/07 v3.41 KOMA-Script package (logo)
)))))
(/usr/local/texlive/2023/texmf-dist/tex/latex/beamer/beamerbasetranslator.sty
(/usr/local/texlive/2023/texmf-dist/tex/latex/translator/translator.sty
Package: translator 2021-05-31 v1.12d Easy translation of strings in LaTeX
))
(/usr/local/texlive/2023/texmf-dist/tex/latex/beamer/beamerbasemisc.sty)
(/usr/local/texlive/2023/texmf-dist/tex/latex/beamer/beamerbasetwoscreens.sty)
(/usr/local/texlive/2023/texmf-dist/tex/latex/beamer/beamerbaseoverlay.sty
\beamer@argscount=\count305
\beamer@lastskipcover=\skip51
\beamer@trivlistdepth=\count306
)
(/usr/local/texlive/2023/texmf-dist/tex/latex/beamer/beamerbasetitle.sty)
(/usr/local/texlive/2023/texmf-dist/tex/latex/beamer/beamerbasesection.sty
\c@lecture=\count307
\c@part=\count308
\c@section=\count309
\c@subsection=\count310
\c@subsubsection=\count311
)
(/usr/local/texlive/2023/texmf-dist/tex/latex/beamer/beamerbaseframe.sty
\beamer@framebox=\box66
\beamer@frametitlebox=\box67
\beamer@zoombox=\box68
\beamer@zoomcount=\count312
\beamer@zoomframecount=\count313
\beamer@frametextheight=\dimen270
\c@subsectionslide=\count314
\beamer@frametopskip=\skip52
\beamer@framebottomskip=\skip53
\beamer@frametopskipautobreak=\skip54
\beamer@framebottomskipautobreak=\skip55
\beamer@envbody=\toks31
\framewidth=\dimen271
\c@framenumber=\count315
)
(/usr/local/texlive/2023/texmf-dist/tex/latex/beamer/beamerbaseverbatim.sty
\beamer@verbatimfileout=\write4
)
(/usr/local/texlive/2023/texmf-dist/tex/latex/beamer/beamerbaseframesize.sty
\beamer@splitbox=\box69
\beamer@autobreakcount=\count316
\beamer@autobreaklastheight=\dimen272
\beamer@frametitletoks=\toks32
\beamer@framesubtitletoks=\toks33
)
(/usr/local/texlive/2023/texmf-dist/tex/latex/beamer/beamerbaseframecomponents.
sty
\beamer@footins=\box70
) (/usr/local/texlive/2023/texmf-dist/tex/latex/beamer/beamerbasecolor.sty)
(/usr/local/texlive/2023/texmf-dist/tex/latex/beamer/beamerbasenotes.sty
\beamer@frameboxcopy=\box71
)
(/usr/local/texlive/2023/texmf-dist/tex/latex/beamer/beamerbasetoc.sty)
(/usr/local/texlive/2023/texmf-dist/tex/latex/beamer/beamerbasetemplates.sty
\beamer@sbttoks=\toks34

(/usr/local/texlive/2023/texmf-dist/tex/latex/beamer/beamerbaseauxtemplates.sty
(/usr/local/texlive/2023/texmf-dist/tex/latex/beamer/beamerbaseboxes.sty
\bmb@box=\box72
\bmb@colorbox=\box73
\bmb@boxwidth=\dimen273
\bmb@boxheight=\dimen274
\bmb@prevheight=\dimen275
\bmb@temp=\dimen276
\bmb@dima=\dimen277
\bmb@dimb=\dimen278
\bmb@prevheight=\dimen279
)
\beamer@blockheadheight=\dimen280
))
(/usr/local/texlive/2023/texmf-dist/tex/latex/beamer/beamerbaselocalstructure.s
ty (/usr/local/texlive/2023/texmf-dist/tex/latex/tools/enumerate.sty
Package: enumerate 2015/07/23 v3.00 enumerate extensions (DPC)
\@enLab=\toks35
)
\beamer@bibiconwidth=\skip56
\c@figure=\count317
\c@table=\count318
\abovecaptionskip=\skip57
\belowcaptionskip=\skip58
)
(/usr/local/texlive/2023/texmf-dist/tex/latex/beamer/beamerbasenavigation.sty
(/usr/local/texlive/2023/texmf-dist/tex/latex/beamer/beamerbasenavigationsymbol
s.tex)
\beamer@section@min@dim=\dimen281
)
(/usr/local/texlive/2023/texmf-dist/tex/latex/beamer/beamerbasetheorems.sty
(/usr/local/texlive/2023/texmf-dist/tex/latex/amsmath/amsmath.sty
Package: amsmath 2023/05/13 v2.17o AMS math features
\@mathmargin=\skip59

For additional information on amsmath, use the `?' option.
(/usr/local/texlive/2023/texmf-dist/tex/latex/amsmath/amstext.sty
Package: amstext 2021/08/26 v2.01 AMS text

(/usr/local/texlive/2023/texmf-dist/tex/latex/amsmath/amsgen.sty
File: amsgen.sty 1999/11/30 v2.0 generic functions
\@emptytoks=\toks36
\ex@=\dimen282
))
(/usr/local/texlive/2023/texmf-dist/tex/latex/amsmath/amsbsy.sty
Package: amsbsy 1999/11/29 v1.2d Bold Symbols
\pmbraise@=\dimen283
)
(/usr/local/texlive/2023/texmf-dist/tex/latex/amsmath/amsopn.sty
Package: amsopn 2022/04/08 v2.04 operator names
)
\inf@bad=\count319
LaTeX Info: Redefining \frac on input line 236.
\uproot@=\count320
\leftroot@=\count321
LaTeX Info: Redefining \overline on input line 399.
LaTeX Info: Redefining \colon on input line 410.
\classnum@=\count322
\DOTSCASE@=\count323
LaTeX Info: Redefining \ldots on input line 496.
LaTeX Info: Redefining \dots on input line 499.
LaTeX Info: Redefining \cdots on input line 620.
\Mathstrutbox@=\box74
\strutbox@=\box75
LaTeX Info: Redefining \big on input line 722.
LaTeX Info: Redefining \Big on input line 723.
LaTeX Info: Redefining \bigg on input line 724.
LaTeX Info: Redefining \Bigg on input line 725.
\big@size=\dimen284
LaTeX Font Info:    Redeclaring font encoding OML on input line 743.
LaTeX Font Info:    Redeclaring font encoding OMS on input line 744.
\macc@depth=\count324
LaTeX Info: Redefining \bmod on input line 905.
LaTeX Info: Redefining \pmod on input line 910.
LaTeX Info: Redefining \smash on input line 940.
LaTeX Info: Redefining \relbar on input line 970.
LaTeX Info: Redefining \Relbar on input line 971.
\c@MaxMatrixCols=\count325
\dotsspace@=\muskip17
\c@parentequation=\count326
\dspbrk@lvl=\count327
\tag@help=\toks37
\row@=\count328
\column@=\count329
\maxfields@=\count330
\andhelp@=\toks38
\eqnshift@=\dimen285
\alignsep@=\dimen286
\tagshift@=\dimen287
\tagwidth@=\dimen288
\totwidth@=\dimen289
\lineht@=\dimen290
\@envbody=\toks39
\multlinegap=\skip60
\multlinetaggap=\skip61
\mathdisplay@stack=\toks40
LaTeX Info: Redefining \[ on input line 2953.
LaTeX Info: Redefining \] on input line 2954.
)
(/usr/local/texlive/2023/texmf-dist/tex/latex/amscls/amsthm.sty
Package: amsthm 2020/05/29 v2.20.6
\thm@style=\toks41
\thm@bodyfont=\toks42
\thm@headfont=\toks43
\thm@notefont=\toks44
\thm@headpunct=\toks45
\thm@preskip=\skip62
\thm@postskip=\skip63
\thm@headsep=\skip64
\dth@everypar=\toks46
)
\c@theorem=\count331
)
(/usr/local/texlive/2023/texmf-dist/tex/latex/beamer/beamerbasethemes.sty))
(/usr/local/texlive/2023/texmf-dist/tex/latex/beamer/beamerthemedefault.sty
(/usr/local/texlive/2023/texmf-dist/tex/latex/beamer/beamerfontthemedefault.sty
)
(/usr/local/texlive/2023/texmf-dist/tex/latex/beamer/beamercolorthemedefault.st
y)
(/usr/local/texlive/2023/texmf-dist/tex/latex/beamer/beamerinnerthemedefault.st
y
\beamer@dima=\dimen291
\beamer@dimb=\dimen292
)
(/usr/local/texlive/2023/texmf-dist/tex/latex/beamer/beamerouterthemedefault.st
y))) (/usr/local/texlive/2023/texmf-dist/tex/generic/babel/babel.sty
Package: babel 2023/08/29 v3.93 The Babel package

(/usr/local/texlive/2023/texmf-dist/tex/generic/babel/luababel.def
\bbl@readstream=\read3
\l@dumylang=\language2
Package babel Info: Non-standard hyphenation setup on input line 118.
\l@nohyphenation=\language3
\l@german-x-2023-03-06=\language4
\l@ngerman-x-2023-03-06=\language5
\l@afrikaans=\language6
\l@ancientgreek=\language7
\l@ibycus=\language8
\l@arabic=\language9
\l@armenian=\language10
\l@basque=\language11
\l@belarusian=\language12
\l@bulgarian=\language13
\l@catalan=\language14
\l@pinyin=\language15
\l@churchslavonic=\language16
\l@coptic=\language17
\l@croatian=\language18
\l@czech=\language19
\l@danish=\language20
\l@dutch=\language21
\l@ukenglish=\language22
\l@usenglishmax=\language23
\l@esperanto=\language24
\l@estonian=\language25
\l@ethiopic=\language26
\l@farsi=\language27
\l@finnish=\language28
\l@schoolfinnish=\language29
\l@french=\language30
\l@friulan=\language31
\l@galician=\language32
\l@georgian=\language33
\l@german=\language34
\l@ngerman=\language35
\l@swissgerman=\language36
\l@greek=\language37
\l@monogreek=\language38
\l@hungarian=\language39
\l@icelandic=\language40
\l@assamese=\language41
\l@bengali=\language42
\l@gujarati=\language43
\l@hindi=\language44
\l@kannada=\language45
\l@malayalam=\language46
\l@marathi=\language47
\l@oriya=\language48
\l@pali=\language49
\l@panjabi=\language50
\l@tamil=\language51
\l@telugu=\language52
\l@indonesian=\language53
\l@interlingua=\language54
\l@irish=\language55
\l@italian=\language56
\l@kurmanji=\language57
\l@classiclatin=\language58
\l@latin=\language59
\l@liturgicallatin=\language60
\l@latvian=\language61
\l@lithuanian=\language62
\l@macedonian=\language63
\l@mongolian=\language64
\l@mongolianlmc=\language65
\l@bokmal=\language66
\l@nynorsk=\language67
\l@occitan=\language68
\l@piedmontese=\language69
\l@polish=\language70
\l@portuguese=\language71
\l@romanian=\language72
\l@romansh=\language73
\l@russian=\language74
\l@sanskrit=\language75
\l@serbian=\language76
\l@serbianc=\language77
\l@slovak=\language78
\l@slovenian=\language79
\l@spanish=\language80
\l@swedish=\language81
\l@thai=\language82
\l@turkish=\language83
\l@turkmen=\language84
\l@ukrainian=\language85
\l@uppersorbian=\language86
\l@welsh=\language87
\babelcatcodetablenum=\catcodetable14
\bbl@pattcodes=\catcodetable15
)
\babel@savecnt=\count332
\U@D=\dimen293
\l@unhyphenated=\language88

(/usr/local/texlive/2023/texmf-dist/tex/generic/babel/luababel.def
\bbl@attr@locale=\attribute4
)
LaTeX Info: Redefining \textlatin on input line 3944.

(/usr/local/texlive/2023/texmf-dist/tex/generic/babel-english/english.ldf
Language: english 2017/06/06 v3.3r English support from the babel system
Package babel Info: Hyphen rules for 'canadian' set to \l@english
(babel)             (\language0). Reported on input line 102.
Package babel Info: Hyphen rules for 'australian' set to \l@ukenglish
(babel)             (\language22). Reported on input line 105.
Package babel Info: Hyphen rules for 'newzealand' set to \l@ukenglish
(babel)             (\language22). Reported on input line 108.
))
(/usr/local/texlive/2023/texmf-dist/tex/generic/babel/locale/en/babel-english.t
ex
Package babel Info: Importing font and identification data for english
(babel)             from babel-en.ini. Reported on input line 11.
) (/usr/local/texlive/2023/texmf-dist/tex/latex/csquotes/csquotes.sty
Package: csquotes 2022-09-14 v5.2n context-sensitive quotations (JAW)
\csq@reset=\count333
\csq@gtype=\count334
\csq@glevel=\count335
\csq@qlevel=\count336
\csq@maxlvl=\count337
\csq@tshold=\count338
\csq@ltx@everypar=\toks47

(/usr/local/texlive/2023/texmf-dist/tex/latex/csquotes/csquotes.def
File: csquotes.def 2022-09-14 v5.2n csquotes generic definitions (JAW)
)
Package csquotes Info: Trying to load configuration file 'csquotes.cfg'...
Package csquotes Info: ... configuration file loaded successfully.

(/usr/local/texlive/2023/texmf-dist/tex/latex/csquotes/csquotes.cfg
File: csquotes.cfg 
))
(/usr/local/texlive/2023/texmf-dist/tex/latex/mathtools/mathtools.sty
Package: mathtools 2022/06/29 v1.29 mathematical typesetting tools

(/usr/local/texlive/2023/texmf-dist/tex/latex/tools/calc.sty
Package: calc 2017/05/25 v4.3 Infix arithmetic (KKT,FJ)
\calc@Acount=\count339
\calc@Bcount=\count340
\calc@Adimen=\dimen294
\calc@Bdimen=\dimen295
\calc@Askip=\skip65
\calc@Bskip=\skip66
LaTeX Info: Redefining \setlength on input line 80.
LaTeX Info: Redefining \addtolength on input line 81.
\calc@Ccount=\count341
\calc@Cskip=\skip67
)
(/usr/local/texlive/2023/texmf-dist/tex/latex/mathtools/mhsetup.sty
Package: mhsetup 2021/03/18 v1.4 programming setup (MH)
)
\g_MT_multlinerow_int=\count342
\l_MT_multwidth_dim=\dimen296
\origjot=\skip68
\l_MT_shortvdotswithinadjustabove_dim=\dimen297
\l_MT_shortvdotswithinadjustbelow_dim=\dimen298
\l_MT_above_intertext_sep=\dimen299
\l_MT_below_intertext_sep=\dimen300
\l_MT_above_shortintertext_sep=\dimen301
\l_MT_below_shortintertext_sep=\dimen302
\xmathstrut@box=\box76
\xmathstrut@dim=\dimen303
)
(/usr/local/texlive/2023/texmf-dist/tex/latex/siunitx/siunitx.sty
Package: siunitx 2023-09-01 v3.3.6 A comprehensive (SI) units package
\l__siunitx_number_uncert_offset_int=\count343
\l__siunitx_number_exponent_fixed_int=\count344
\l__siunitx_number_min_decimal_int=\count345
\l__siunitx_number_min_integer_int=\count346
\l__siunitx_number_round_precision_int=\count347
\l__siunitx_number_lower_threshold_int=\count348
\l__siunitx_number_upper_threshold_int=\count349
\l__siunitx_number_group_first_int=\count350
\l__siunitx_number_group_size_int=\count351
\l__siunitx_number_group_minimum_int=\count352
\l__siunitx_angle_tmp_dim=\dimen304
\l__siunitx_angle_marker_box=\box77
\l__siunitx_angle_unit_box=\box78
\l__siunitx_compound_count_int=\count353

(/usr/local/texlive/2023/texmf-dist/tex/latex/translations/translations.sty
Package: translations 2022/02/05 v1.12 internationalization of LaTeX2e packages
 (CN)
)
\l__siunitx_table_tmp_box=\box79
\l__siunitx_table_tmp_dim=\dimen305
\l__siunitx_table_column_width_dim=\dimen306
\l__siunitx_table_integer_box=\box80
\l__siunitx_table_decimal_box=\box81
\l__siunitx_table_uncert_box=\box82
\l__siunitx_table_before_box=\box83
\l__siunitx_table_after_box=\box84
\l__siunitx_table_before_dim=\dimen307
\l__siunitx_table_carry_dim=\dimen308
\l__siunitx_unit_tmp_int=\count354
\l__siunitx_unit_position_int=\count355
\l__siunitx_unit_total_int=\count356

(/usr/local/texlive/2023/texmf-dist/tex/latex/tools/array.sty
Package: array 2022/09/04 v2.5g Tabular extension package (FMi)
\col@sep=\dimen309
\ar@mcellbox=\box85
\extrarowheight=\dimen310
\NC@list=\toks48
\extratabsurround=\skip69
\backup@length=\skip70
\ar@cellbox=\box86
))
(/usr/local/texlive/2023/texmf-dist/tex/latex/booktabs/booktabs.sty
Package: booktabs 2020/01/12 v1.61803398 Publication quality tables
\heavyrulewidth=\dimen311
\lightrulewidth=\dimen312
\cmidrulewidth=\dimen313
\belowrulesep=\dimen314
\belowbottomsep=\dimen315
\aboverulesep=\dimen316
\abovetopsep=\dimen317
\cmidrulesep=\dimen318
\cmidrulekern=\dimen319
\defaultaddspace=\dimen320
\@cmidla=\count357
\@cmidlb=\count358
\@aboverulesep=\dimen321
\@belowrulesep=\dimen322
\@thisruleclass=\count359
\@lastruleclass=\count360
\@thisrulewidth=\dimen323
)
(/usr/local/texlive/2023/texmf-dist/tex/latex/bookmark/bookmark.sty
Package: bookmark 2020-11-06 v1.29 PDF bookmarks (HO)

(/usr/local/texlive/2023/texmf-dist/tex/latex/bookmark/bkm-pdftex.def
File: bkm-pdftex.def 2020-11-06 v1.29 bookmark driver for pdfTeX (HO)
\BKM@id=\count361
))
(./beamerthemetudo.sty
Package: beamerthemetudo 2019/01/29

(/usr/local/texlive/2023/texmf-dist/tex/generic/iftex/ifluatex.sty
Package: ifluatex 2019/10/25 v1.5 ifluatex legacy package. Use iftex instead.
)
(/usr/local/texlive/2023/texmf-dist/tex/generic/iftex/ifxetex.sty
Package: ifxetex 2019/10/25 v0.7 ifxetex legacy package. Use iftex instead.
)
(/usr/local/texlive/2023/texmf-dist/tex/latex/beamer/beamerfontthemeprofessiona
lfonts.sty) (/usr/local/texlive/2023/texmf-dist/tex/latex/fontspec/fontspec.sty
(/usr/local/texlive/2023/texmf-dist/tex/latex/l3packages/xparse/xparse.sty
(/usr/local/texlive/2023/texmf-dist/tex/latex/l3kernel/expl3.sty
Package: expl3 2023-08-29 L3 programming layer (loader) 

(/usr/local/texlive/2023/texmf-dist/tex/latex/l3backend/l3backend-luatex.def
File: l3backend-luatex.def 2023-04-19 L3 backend support: PDF output (LuaTeX)
\l__color_backend_stack_int=\count362
Inserting `l3color' in `luaotfload.parse_color'.
\l__pdf_internal_box=\box87
))
Package: xparse 2023-02-02 L3 Experimental document command parser
)
Package: fontspec 2022/01/15 v2.8a Font selection for XeLaTeX and LuaLaTeX
Lua module: fontspec 2022/01/15 2.8a Font selection for XeLaTeX and LuaLaTeX (/
usr/local/texlive/2023/texmf-dist/tex/latex/fontspec/fontspec-luatex.sty
Package: fontspec-luatex 2022/01/15 v2.8a Font selection for XeLaTeX and LuaLaT
eX
\l__fontspec_script_int=\count363
\l__fontspec_language_int=\count364
\l__fontspec_strnum_int=\count365
\l__fontspec_tmp_int=\count366
\l__fontspec_tmpa_int=\count367
\l__fontspec_tmpb_int=\count368
\l__fontspec_tmpc_int=\count369
\l__fontspec_em_int=\count370
\l__fontspec_emdef_int=\count371
\l__fontspec_strong_int=\count372
\l__fontspec_strongdef_int=\count373
\l__fontspec_tmpa_dim=\dimen324
\l__fontspec_tmpb_dim=\dimen325
\l__fontspec_tmpc_dim=\dimen326

(/usr/local/texlive/2023/texmf-dist/tex/latex/base/fontenc.sty
Package: fontenc 2021/04/29 v2.0v Standard LaTeX package
)
(/usr/local/texlive/2023/texmf-dist/tex/latex/fontspec/fontspec.cfg)))
(/usr/local/texlive/2023/texmf-dist/tex/latex/unicode-math/unicode-math.sty
Package: unicode-math 2023/08/13 v0.8r Unicode maths in XeLaTeX and LuaLaTeX

(/usr/local/texlive/2023/texmf-dist/tex/latex/unicode-math/unicode-math-luatex.
sty
Package: unicode-math-luatex 2023/08/13 v0.8r Unicode maths in XeLaTeX and LuaL
aTeX

(/usr/local/texlive/2023/texmf-dist/tex/latex/l3packages/l3keys2e/l3keys2e.sty
Package: l3keys2e 2023-02-02 LaTeX2e option processing using LaTeX3 keys
) (/usr/local/texlive/2023/texmf-dist/tex/latex/base/fix-cm.sty
Package: fix-cm 2020/11/24 v1.1t fixes to LaTeX

(/usr/local/texlive/2023/texmf-dist/tex/latex/base/ts1enc.def
File: ts1enc.def 2001/06/05 v3.0e (jk/car/fm) Standard LaTeX file
LaTeX Font Info:    Redeclaring font encoding TS1 on input line 47.
))
(/usr/local/texlive/2023/texmf-dist/tex/lualatex/lualatex-math/lualatex-math.st
y
Package: lualatex-math 2022/01/01 v1.12 Patches for mathematics typesetting wit
h LuaLaTeX
Lua module: lualatex-math 2013/08/03 1.3 Patches for mathematics typesetting wit
h LuaLaTeX)
\g__um_fam_int=\count374
\g__um_fonts_used_int=\count375
\l__um_primecount_int=\count376
\g__um_primekern_muskip=\muskip18

(/usr/local/texlive/2023/texmf-dist/tex/latex/unicode-math/unicode-math-table.t
ex)))
luaotfload | cache : Lookup cache loaded from /Users/willruppert/Library/texlive
/2023/texmf-var/luatex-cache/generic/names/luaotfload-lookup-cache.luc.
luaotfload | db : Reload initiated (formats: otf,ttf,ttc); reason: Font "Akkurat
 Light Office" not found.
luaotfload | resolve : sequence of 3 lookups yielded nothing appropriate.

Package fontspec Info: FiraSansLight scale = 0.8489470582400205.


Package fontspec Info: FiraSansLight scale = 0.8489470582400205.


Package fontspec Info: FiraSansLight scale = 0.8489470582400205.


Package fontspec Info: FiraSansMedium scale = 0.8393185764640049.


Package fontspec Info: FiraSansMedium scale = 0.8393185764640049.


Package fontspec Info: FiraSansLightItalic scale = 0.8489470582400205.


Package fontspec Info: FiraSansLightItalic scale = 0.8489470582400205.


Package fontspec Info: FiraSansMediumItalic scale = 0.8393185764640049.


Package fontspec Info: FiraSansMediumItalic scale = 0.8393185764640049.


Package fontspec Info: Font family 'FiraSansLight(0)' created for font 'Fira
(fontspec)             Sans Light' with options
(fontspec)             [Ligatures=TeX,Scale=MatchLowercase,BoldFont=Fira Sans
(fontspec)             Medium,ItalicFont=Fira Sans Light
(fontspec)             Italic,BoldItalicFont=Fira Sans Medium Italic].
(fontspec)              
(fontspec)              This font family consists of the following NFSS
(fontspec)             series/shapes:
(fontspec)              
(fontspec)             - 'normal' (m/n) with NFSS spec.:
(fontspec)             <->s*[0.8489470582400205]"FiraSansLight:mode=node;script
=latn;language=dflt;+tlig;"
(fontspec)             - 'small caps'  (m/sc) with NFSS spec.:
(fontspec)             <->s*[0.8489470582400205]"FiraSansLight:mode=node;script
=latn;language=dflt;+tlig;+smcp;"
(fontspec)             - 'bold' (b/n) with NFSS spec.:
(fontspec)             <->s*[0.8393185764640049]"FiraSansMedium:mode=node;scrip
t=latn;language=dflt;+tlig;"
(fontspec)             - 'bold small caps'  (b/sc) with NFSS spec.:
(fontspec)             <->s*[0.8393185764640049]"FiraSansMedium:mode=node;scrip
t=latn;language=dflt;+tlig;+smcp;"
(fontspec)             - 'italic' (m/it) with NFSS spec.:
(fontspec)             <->s*[0.8489470582400205]"FiraSansLightItalic:mode=node;
script=latn;language=dflt;+tlig;"
(fontspec)             - 'italic small caps'  (m/scit) with NFSS spec.:
(fontspec)             <->s*[0.8489470582400205]"FiraSansLightItalic:mode=node;
script=latn;language=dflt;+tlig;+smcp;"
(fontspec)             - 'bold italic' (b/it) with NFSS spec.:
(fontspec)             <->s*[0.8393185764640049]"FiraSansMediumItalic:mode=node
;script=latn;language=dflt;+tlig;"
(fontspec)             - 'bold italic small caps'  (b/scit) with NFSS spec.:
(fontspec)             <->s*[0.8393185764640049]"FiraSansMediumItalic:mode=node
;script=latn;language=dflt;+tlig;+smcp;"

LaTeX Font Info:    Font shape `TU/FiraSansLight(0)/m/n' will be
(Font)              scaled to size 8.48953pt on input line 49.

Package fontspec Info: FiraSansLight scale = 0.8489528933287431.


Package fontspec Info: FiraSansLight scale = 0.8489528933287431.


Package fontspec Info: FiraSansLight scale = 0.8489528933287431.


Package fontspec Info: FiraSansMedium scale = 0.8393243453730465.


Package fontspec Info: FiraSansMedium scale = 0.8393243453730465.


Package fontspec Info: FiraSansLightItalic scale = 0.8489528933287431.


Package fontspec Info: FiraSansLightItalic scale = 0.8489528933287431.


Package fontspec Info: FiraSansMediumItalic scale = 0.8393243453730465.


Package fontspec Info: FiraSansMediumItalic scale = 0.8393243453730465.


Package fontspec Info: Font family 'FiraSansLight(1)' created for font 'Fira
(fontspec)             Sans Light' with options
(fontspec)             [Renderer=Basic,Scale=MatchLowercase,BoldFont=Fira Sans
(fontspec)             Medium,ItalicFont=Fira Sans Light
(fontspec)             Italic,BoldItalicFont=Fira Sans Medium Italic].
(fontspec)              
(fontspec)              This font family consists of the following NFSS
(fontspec)             series/shapes:
(fontspec)              
(fontspec)             - 'normal' (m/n) with NFSS spec.:
(fontspec)             <->s*[0.8489528933287431]"FiraSansLight:mode=base;script
=latn;language=dflt;"
(fontspec)             - 'small caps'  (m/sc) with NFSS spec.:
(fontspec)             <->s*[0.8489528933287431]"FiraSansLight:mode=base;script
=latn;language=dflt;+smcp;"
(fontspec)             - 'bold' (b/n) with NFSS spec.:
(fontspec)             <->s*[0.8393243453730465]"FiraSansMedium:mode=base;scrip
t=latn;language=dflt;"
(fontspec)             - 'bold small caps'  (b/sc) with NFSS spec.:
(fontspec)             <->s*[0.8393243453730465]"FiraSansMedium:mode=base;scrip
t=latn;language=dflt;+smcp;"
(fontspec)             - 'italic' (m/it) with NFSS spec.:
(fontspec)             <->s*[0.8489528933287431]"FiraSansLightItalic:mode=base;
script=latn;language=dflt;"
(fontspec)             - 'italic small caps'  (m/scit) with NFSS spec.:
(fontspec)             <->s*[0.8489528933287431]"FiraSansLightItalic:mode=base;
script=latn;language=dflt;+smcp;"
(fontspec)             - 'bold italic' (b/it) with NFSS spec.:
(fontspec)             <->s*[0.8393243453730465]"FiraSansMediumItalic:mode=base
;script=latn;language=dflt;"
(fontspec)             - 'bold italic small caps'  (b/scit) with NFSS spec.:
(fontspec)             <->s*[0.8393243453730465]"FiraSansMediumItalic:mode=base
;script=latn;language=dflt;+smcp;"

LaTeX Font Info:    Overwriting math alphabet `\mathsf' in version `normal'
(Font)                  OT1/cmss/m/n --> TU/FiraSansLight(1)/m/n on input line 
49.
LaTeX Font Info:    Overwriting math alphabet `\mathsf' in version `bold'
(Font)                  OT1/cmss/bx/n --> TU/FiraSansLight(1)/bx/n on input lin
e 49.

Package fontspec Info: FiraMono scale = 0.8425078754748448.


Package fontspec Info: FiraMono scale = 0.8425078754748448.

luaotfload | aux : font no 37 (nil) does not define feature smcp for script latn
 with language dflt

Package fontspec Info: FiraMono/B scale = 0.8361623807101786.

luaotfload | aux : font no 38 (nil) does not define feature smcp for script latn
 with language dflt

Package fontspec Info: FiraMono/I scale = 0.8425078754748448.

luaotfload | aux : font no 39 (nil) does not define feature smcp for script latn
 with language dflt

Package fontspec Info: FiraMono/BI scale = 0.8361623807101786.

luaotfload | aux : font no 40 (nil) does not define feature smcp for script latn
 with language dflt

Package fontspec Info: Font family 'FiraMono(0)' created for font 'Fira Mono'
(fontspec)             with options
(fontspec)             [WordSpace={1,0,0},HyphenChar=None,PunctuationSpace=Word
Space,Scale=MatchLowercase].
(fontspec)              
(fontspec)              This font family consists of the following NFSS
(fontspec)             series/shapes:
(fontspec)              
(fontspec)             - 'normal' (m/n) with NFSS spec.:
(fontspec)             <->s*[0.8425078754748448]"FiraMono:mode=node;script=latn
;language=dflt;"
(fontspec)             - 'small caps'  (m/sc) with NFSS spec.: 
(fontspec)             and font adjustment code:
(fontspec)             \fontdimen 2\font =1\fontdimen 2\font \fontdimen 3\font
(fontspec)             =0\fontdimen 3\font \fontdimen 4\font =0\fontdimen
(fontspec)             4\font \fontdimen 7\font =0\fontdimen 2\font
(fontspec)             \tex_hyphenchar:D \font =-1\scan_stop: 
(fontspec)             - 'bold' (b/n) with NFSS spec.:
(fontspec)             <->s*[0.8361623807101786]"FiraMono/B:mode=node;script=la
tn;language=dflt;"
(fontspec)             - 'bold small caps'  (b/sc) with NFSS spec.: 
(fontspec)             and font adjustment code:
(fontspec)             \fontdimen 2\font =1\fontdimen 2\font \fontdimen 3\font
(fontspec)             =0\fontdimen 3\font \fontdimen 4\font =0\fontdimen
(fontspec)             4\font \fontdimen 7\font =0\fontdimen 2\font
(fontspec)             \tex_hyphenchar:D \font =-1\scan_stop: 
(fontspec)             - 'italic' (m/it) with NFSS spec.:
(fontspec)             <->s*[0.8425078754748448]"FiraMono/I:mode=node;script=la
tn;language=dflt;"
(fontspec)             - 'italic small caps'  (m/scit) with NFSS spec.: 
(fontspec)             and font adjustment code:
(fontspec)             \fontdimen 2\font =1\fontdimen 2\font \fontdimen 3\font
(fontspec)             =0\fontdimen 3\font \fontdimen 4\font =0\fontdimen
(fontspec)             4\font \fontdimen 7\font =0\fontdimen 2\font
(fontspec)             \tex_hyphenchar:D \font =-1\scan_stop: 
(fontspec)             - 'bold italic' (b/it) with NFSS spec.:
(fontspec)             <->s*[0.8361623807101786]"FiraMono/BI:mode=node;script=l
atn;language=dflt;"
(fontspec)             - 'bold italic small caps'  (b/scit) with NFSS spec.: 
(fontspec)             and font adjustment code:
(fontspec)             \fontdimen 2\font =1\fontdimen 2\font \fontdimen 3\font
(fontspec)             =0\fontdimen 3\font \fontdimen 4\font =0\fontdimen
(fontspec)             4\font \fontdimen 7\font =0\fontdimen 2\font
(fontspec)             \tex_hyphenchar:D \font =-1\scan_stop: 


Package fontspec Info: FiraMono scale = 0.8425078754748448.


Package fontspec Info: FiraMono scale = 0.8425078754748448.

luaotfload | aux : font no 47 (nil) does not define feature smcp for script latn
 with language dflt

Package fontspec Info: FiraMono/B scale = 0.8361623807101786.

luaotfload | aux : font no 48 (nil) does not define feature smcp for script latn
 with language dflt

Package fontspec Info: FiraMono/I scale = 0.8425078754748448.

luaotfload | aux : font no 49 (nil) does not define feature smcp for script latn
 with language dflt

Package fontspec Info: FiraMono/BI scale = 0.8361623807101786.

luaotfload | aux : font no 50 (nil) does not define feature smcp for script latn
 with language dflt

Package fontspec Info: Font family 'FiraMono(1)' created for font 'Fira Mono'
(fontspec)             with options [Renderer=Basic,Scale=MatchLowercase].
(fontspec)              
(fontspec)              This font family consists of the following NFSS
(fontspec)             series/shapes:
(fontspec)              
(fontspec)             - 'normal' (m/n) with NFSS spec.:
(fontspec)             <->s*[0.8425078754748448]"FiraMono:mode=base;script=latn
;language=dflt;"
(fontspec)             - 'small caps'  (m/sc) with NFSS spec.: 
(fontspec)             - 'bold' (b/n) with NFSS spec.:
(fontspec)             <->s*[0.8361623807101786]"FiraMono/B:mode=base;script=la
tn;language=dflt;"
(fontspec)             - 'bold small caps'  (b/sc) with NFSS spec.: 
(fontspec)             - 'italic' (m/it) with NFSS spec.:
(fontspec)             <->s*[0.8425078754748448]"FiraMono/I:mode=base;script=la
tn;language=dflt;"
(fontspec)             - 'italic small caps'  (m/scit) with NFSS spec.: 
(fontspec)             - 'bold italic' (b/it) with NFSS spec.:
(fontspec)             <->s*[0.8361623807101786]"FiraMono/BI:mode=base;script=l
atn;language=dflt;"
(fontspec)             - 'bold italic small caps'  (b/scit) with NFSS spec.: 

LaTeX Font Info:    Overwriting math alphabet `\mathtt' in version `normal'
(Font)                  OT1/cmtt/m/n --> TU/FiraMono(1)/m/n on input line 50.
LaTeX Font Info:    Overwriting math alphabet `\mathtt' in version `bold'
(Font)                  OT1/cmtt/m/n --> TU/FiraMono(1)/bx/n on input line 50.

Package fontspec Info: FiraMath scale = 0.8425078754748448.


Package fontspec Info: Could not resolve font "FiraMath/B" (it probably
(fontspec)             doesn't exist).


Package fontspec Info: FiraMath scale = 0.8425078754748448.


Package fontspec Info: Font family 'FiraMath(0)' created for font 'Fira Math'
(fontspec)             with options
(fontspec)             [Renderer=Basic,BoldItalicFont={},ItalicFont={},SmallCap
sFont={},Script=Math,RawFeature={mathfontdimen=xetex},Scale={MatchLowercase}].
(fontspec)              
(fontspec)              This font family consists of the following NFSS
(fontspec)             series/shapes:
(fontspec)              
(fontspec)             - 'normal' (m/n) with NFSS spec.:
(fontspec)             <->s*[0.8425078754748448]"FiraMath:mode=base;script=math
;language=dflt;mathfontdimen=xetex;"
(fontspec)             - 'small caps'  (m/sc) with NFSS spec.: 

LaTeX Font Info:    Font shape `TU/FiraMath(0)/m/n' will be
(Font)              scaled to size 8.42514pt on input line 51.

Package fontspec Info: FiraMath scale = 0.8425078754748448.


Package fontspec Info: Could not resolve font "FiraMath/B" (it probably
(fontspec)             doesn't exist).


Package fontspec Info: FiraMath scale = 0.8425078754748448.


Package fontspec Info: FiraMath scale = 0.8425078754748448.


Package fontspec Info: FiraMath scale = 0.8425078754748448.


Package fontspec Info: Font family 'FiraMath(1)' created for font 'Fira Math'
(fontspec)             with options
(fontspec)             [Renderer=Basic,BoldItalicFont={},ItalicFont={},SmallCap
sFont={},Script=Math,SizeFeatures={{Size=8.6-},{Size=6.5-8.6,Font=Fira
(fontspec)             Math,Style=MathScript},{Size=-6.5,Font=Fira
(fontspec)             Math,Style=MathScriptScript}},RawFeature={mathfontdimen=
xetex},Scale={MatchLowercase}].
(fontspec)              
(fontspec)              This font family consists of the following NFSS
(fontspec)             series/shapes:
(fontspec)              
(fontspec)             - 'normal' (m/n) with NFSS spec.:
(fontspec)             <8.6->s*[0.8425078754748448]"FiraMath:mode=base;script=m
ath;language=dflt;mathfontdimen=xetex;"<6.5-8.6>s*[0.8425078754748448]"FiraMath
:mode=base;script=math;language=dflt;mathfontdimen=xetex;+ssty=0;"<-6.5>s*[0.84
25078754748448]"FiraMath:mode=base;script=math;language=dflt;mathfontdimen=xete
x;+ssty=1;"
(fontspec)             - 'small caps'  (m/sc) with NFSS spec.: 

LaTeX Font Info:    Font shape `TU/FiraMath(1)/m/n' will be
(Font)              scaled to size 8.42514pt on input line 51.
LaTeX Font Info:    Encoding `OT1' has changed to `TU' for symbol font
(Font)              `operators' in the math version `normal' on input line 51.
LaTeX Font Info:    Overwriting symbol font `operators' in version `normal'
(Font)                  OT1/cmr/m/n --> TU/FiraMath(1)/m/n on input line 51.
LaTeX Font Info:    Encoding `OT1' has changed to `TU' for symbol font
(Font)              `operators' in the math version `bold' on input line 51.
LaTeX Font Info:    Overwriting symbol font `operators' in version `bold'
(Font)                  OT1/cmr/bx/n --> TU/FiraMath(1)/b/n on input line 51.

Package fontspec Info: FiraMath scale = 0.8425078754748448.


Package fontspec Info: Could not resolve font "FiraMath/B" (it probably
(fontspec)             doesn't exist).


Package fontspec Info: FiraMath scale = 0.8425078754748448.


Package fontspec Info: FiraMath scale = 0.8425078754748448.


Package fontspec Info: FiraMath scale = 0.8425078754748448.


Package fontspec Info: Font family 'FiraMath(2)' created for font 'Fira Math'
(fontspec)             with options
(fontspec)             [Renderer=Basic,BoldItalicFont={},ItalicFont={},SmallCap
sFont={},Script=Math,SizeFeatures={{Size=8.6-},{Size=6.5-8.6,Font=Fira
(fontspec)             Math,Style=MathScript},{Size=-6.5,Font=Fira
(fontspec)             Math,Style=MathScriptScript}},RawFeature={mathfontdimen=
xetex},Scale={MatchLowercase},RawFeature={mathfontdimen=tex2}].
(fontspec)              
(fontspec)              This font family consists of the following NFSS
(fontspec)             series/shapes:
(fontspec)              
(fontspec)             - 'normal' (m/n) with NFSS spec.:
(fontspec)             <8.6->s*[0.8425078754748448]"FiraMath:mode=base;script=m
ath;language=dflt;mathfontdimen=xetex;mathfontdimen=tex2;"<6.5-8.6>s*[0.8425078
754748448]"FiraMath:mode=base;script=math;language=dflt;mathfontdimen=xetex;mat
hfontdimen=tex2;+ssty=0;"<-6.5>s*[0.8425078754748448]"FiraMath:mode=base;script
=math;language=dflt;mathfontdimen=xetex;mathfontdimen=tex2;+ssty=1;"
(fontspec)             - 'small caps'  (m/sc) with NFSS spec.: 

LaTeX Font Info:    Encoding `OMS' has changed to `TU' for symbol font
(Font)              `symbols' in the math version `normal' on input line 51.
LaTeX Font Info:    Overwriting symbol font `symbols' in version `normal'
(Font)                  OMS/cmsy/m/n --> TU/FiraMath(2)/m/n on input line 51.
LaTeX Font Info:    Encoding `OMS' has changed to `TU' for symbol font
(Font)              `symbols' in the math version `bold' on input line 51.
LaTeX Font Info:    Overwriting symbol font `symbols' in version `bold'
(Font)                  OMS/cmsy/b/n --> TU/FiraMath(2)/b/n on input line 51.

Package fontspec Info: FiraMath scale = 0.8425078754748448.


Package fontspec Info: Could not resolve font "FiraMath/B" (it probably
(fontspec)             doesn't exist).


Package fontspec Info: FiraMath scale = 0.8425078754748448.


Package fontspec Info: FiraMath scale = 0.8425078754748448.


Package fontspec Info: FiraMath scale = 0.8425078754748448.


Package fontspec Info: Font family 'FiraMath(3)' created for font 'Fira Math'
(fontspec)             with options
(fontspec)             [Renderer=Basic,BoldItalicFont={},ItalicFont={},SmallCap
sFont={},Script=Math,SizeFeatures={{Size=8.6-},{Size=6.5-8.6,Font=Fira
(fontspec)             Math,Style=MathScript},{Size=-6.5,Font=Fira
(fontspec)             Math,Style=MathScriptScript}},RawFeature={mathfontdimen=
xetex},Scale={MatchLowercase},RawFeature={mathfontdimen=tex3}].
(fontspec)              
(fontspec)              This font family consists of the following NFSS
(fontspec)             series/shapes:
(fontspec)              
(fontspec)             - 'normal' (m/n) with NFSS spec.:
(fontspec)             <8.6->s*[0.8425078754748448]"FiraMath:mode=base;script=m
ath;language=dflt;mathfontdimen=xetex;mathfontdimen=tex3;"<6.5-8.6>s*[0.8425078
754748448]"FiraMath:mode=base;script=math;language=dflt;mathfontdimen=xetex;mat
hfontdimen=tex3;+ssty=0;"<-6.5>s*[0.8425078754748448]"FiraMath:mode=base;script
=math;language=dflt;mathfontdimen=xetex;mathfontdimen=tex3;+ssty=1;"
(fontspec)             - 'small caps'  (m/sc) with NFSS spec.: 

LaTeX Font Info:    Encoding `OMX' has changed to `TU' for symbol font
(Font)              `largesymbols' in the math version `normal' on input line 5
1.
LaTeX Font Info:    Overwriting symbol font `largesymbols' in version `normal'
(Font)                  OMX/cmex/m/n --> TU/FiraMath(3)/m/n on input line 51.
LaTeX Font Info:    Encoding `OMX' has changed to `TU' for symbol font
(Font)              `largesymbols' in the math version `bold' on input line 51.

LaTeX Font Info:    Overwriting symbol font `largesymbols' in version `bold'
(Font)                  OMX/cmex/m/n --> TU/FiraMath(3)/b/n on input line 51.
LaTeX Font Info:    Font shape `TU/FiraMath(1)/m/n' will be
(Font)              scaled to size 6.06609pt on input line 51.
LaTeX Font Info:    Font shape `TU/FiraMath(1)/m/n' will be
(Font)              scaled to size 4.88658pt on input line 51.
LaTeX Font Info:    Font shape `TU/FiraMath(2)/m/n' will be
(Font)              scaled to size 8.42514pt on input line 51.
LaTeX Font Info:    Font shape `TU/FiraMath(2)/m/n' will be
(Font)              scaled to size 6.06609pt on input line 51.
LaTeX Font Info:    Font shape `TU/FiraMath(2)/m/n' will be
(Font)              scaled to size 4.88658pt on input line 51.
LaTeX Font Info:    Font shape `TU/FiraMath(3)/m/n' will be
(Font)              scaled to size 8.42514pt on input line 51.
LaTeX Font Info:    Font shape `TU/FiraMath(3)/m/n' will be
(Font)              scaled to size 6.06609pt on input line 51.
LaTeX Font Info:    Font shape `TU/FiraMath(3)/m/n' will be
(Font)              scaled to size 4.88658pt on input line 51.
LaTeX Font Info:    Trying to load font information for U+msa on input line 51.

 (/usr/local/texlive/2023/texmf-dist/tex/latex/amsfonts/umsa.fd
File: umsa.fd 2013/01/14 v3.01 AMS symbols A
)
LaTeX Font Info:    Trying to load font information for U+msb on input line 51.


(/usr/local/texlive/2023/texmf-dist/tex/latex/amsfonts/umsb.fd
File: umsb.fd 2013/01/14 v3.01 AMS symbols B
)
\headerheight=\skip71
\footerleftwidth=\skip72
\footercenterwidth=\skip73
\footerrightwidth=\skip74
Package hyperref Info: Option `colorlinks' set `true' on input line 246.
)
Package csquotes Info: Checking for multilingual support...
Package csquotes Info: ... found 'babel' package.
Package csquotes Info: Adjusting default style.
Package csquotes Info: Redefining alias 'default' -> 'english'.

(./build/thesis_presentation.aux)
\openout1 = thesis_presentation.aux

LaTeX Font Info:    Checking defaults for OML/cmm/m/it on input line 40.
LaTeX Font Info:    ... okay on input line 40.
LaTeX Font Info:    Checking defaults for OMS/cmsy/m/n on input line 40.
LaTeX Font Info:    ... okay on input line 40.
LaTeX Font Info:    Checking defaults for OT1/cmr/m/n on input line 40.
LaTeX Font Info:    ... okay on input line 40.
LaTeX Font Info:    Checking defaults for T1/cmr/m/n on input line 40.
LaTeX Font Info:    ... okay on input line 40.
LaTeX Font Info:    Checking defaults for TS1/cmr/m/n on input line 40.
LaTeX Font Info:    ... okay on input line 40.
LaTeX Font Info:    Checking defaults for TU/lmr/m/n on input line 40.
LaTeX Font Info:    ... okay on input line 40.
LaTeX Font Info:    Checking defaults for OMX/cmex/m/n on input line 40.
LaTeX Font Info:    ... okay on input line 40.
LaTeX Font Info:    Checking defaults for U/cmr/m/n on input line 40.
LaTeX Font Info:    ... okay on input line 40.
LaTeX Font Info:    Checking defaults for PD1/pdf/m/n on input line 40.
LaTeX Font Info:    ... okay on input line 40.
LaTeX Font Info:    Checking defaults for PU/pdf/m/n on input line 40.
LaTeX Font Info:    ... okay on input line 40.

*geometry* driver: auto-detecting
*geometry* detected driver: luatex
*geometry* verbose mode - [ preamble ] result:
* driver: luatex
* paper: custom
* layout: <same size as paper>
* layoutoffset:(h,v)=(0.0pt,0.0pt)
* modes: includehead includefoot 
* h-part:(L,W,R)=(15.0pt, 425.24408pt, 15.0pt)
* v-part:(T,H,B)=(0.0pt, 284.52756pt, 0.0pt)
* \paperwidth=455.24408pt
* \paperheight=284.52756pt
* \textwidth=425.24408pt
* \textheight=256.07483pt
* \oddsidemargin=-57.26999pt
* \evensidemargin=-57.26999pt
* \topmargin=-72.26999pt
* \headheight=14.22636pt
* \headsep=0.0pt
* \topskip=10.0pt
* \footskip=14.22636pt
* \marginparwidth=3.0pt
* \marginparsep=11.0pt
* \columnsep=10.0pt
* \skip\footins=9.0pt plus 4.0pt minus 2.0pt
* \hoffset=0.0pt
* \voffset=0.0pt
* \mag=1000
* \@twocolumnfalse
* \@twosidefalse
* \@mparswitchfalse
* \@reversemarginfalse
* (1in=72.27pt=25.4mm, 1cm=28.453pt)

(/usr/local/texlive/2023/texmf-dist/tex/context/base/mkii/supp-pdf.mkii
[Loading MPS to PDF converter (version 2006.09.02).]
\scratchcounter=\count377
\scratchdimen=\dimen327
\scratchbox=\box88
\nofMPsegments=\count378
\nofMParguments=\count379
\everyMPshowfont=\toks49
\MPscratchCnt=\count380
\MPscratchDim=\dimen328
\MPnumerator=\count381
\makeMPintoPDFobject=\count382
\everyMPtoPDFconversion=\toks50
) (/usr/local/texlive/2023/texmf-dist/tex/latex/epstopdf-pkg/epstopdf-base.sty
Package: epstopdf-base 2020-01-24 v2.11 Base part for package epstopdf
Package epstopdf-base Info: Redefining graphics rule for `.eps' on input line 4
85.

(/usr/local/texlive/2023/texmf-dist/tex/latex/latexconfig/epstopdf-sys.cfg
File: epstopdf-sys.cfg 2010/07/13 v1.3 Configuration of (r)epstopdf for TeX Liv
e
))
Package hyperref Info: Link coloring ON on input line 40.

(/usr/local/texlive/2023/texmf-dist/tex/latex/translator/translator-basic-dicti
onary-English.dict
Dictionary: translator-basic-dictionary, Language: English 
)
(/usr/local/texlive/2023/texmf-dist/tex/latex/translator/translator-bibliograph
y-dictionary-English.dict
Dictionary: translator-bibliography-dictionary, Language: English 
)
(/usr/local/texlive/2023/texmf-dist/tex/latex/translator/translator-environment
-dictionary-English.dict
Dictionary: translator-environment-dictionary, Language: English 
)
(/usr/local/texlive/2023/texmf-dist/tex/latex/translator/translator-months-dict
ionary-English.dict
Dictionary: translator-months-dictionary, Language: English 
)
(/usr/local/texlive/2023/texmf-dist/tex/latex/translator/translator-numbers-dic
tionary-English.dict
Dictionary: translator-numbers-dictionary, Language: English 
)
(/usr/local/texlive/2023/texmf-dist/tex/latex/translator/translator-theorem-dic
tionary-English.dict
Dictionary: translator-theorem-dictionary, Language: English 
)
(/usr/local/texlive/2023/texmf-dist/tex/latex/translations/translations-basic-d
ictionary-english.trsl
File: translations-basic-dictionary-english.trsl (english translation file `tra
nslations-basic-dictionary')
)
Package translations Info: loading dictionary `translations-basic-dictionary' f
or `english'. on input line 40.
LaTeX Font Info:    Overwriting math alphabet `\mathrm' in version `normal'
(Font)                  TU/FiraMath(1)/m/n --> TU/lmr/m/n on input line 40.
LaTeX Font Info:    Overwriting math alphabet `\mathit' in version `normal'
(Font)                  OT1/cmr/m/it --> TU/lmr/m/it on input line 40.
LaTeX Font Info:    Overwriting math alphabet `\mathbf' in version `normal'
(Font)                  OT1/cmr/bx/n --> TU/lmr/bx/n on input line 40.


Package unicode-math Warning: Using \overbracket and \underbracket from
(unicode-math)                `mathtools' package.
(unicode-math)                 
(unicode-math)                 Use \Uoverbracket and \Uunderbracket for
(unicode-math)                original `unicode-math' definition.


Package unicode-math Warning: I'm going to overwrite the following commands
(unicode-math)                from the `mathtools' package: 
(unicode-math)                 
(unicode-math)                     \dblcolon, \coloneqq, \Coloneqq, \eqqcolon.
(unicode-math)                
(unicode-math)                 
(unicode-math)                 Note that since I won't overwrite the other
(unicode-math)                colon-like commands, using them will lead to
(unicode-math)                inconsistencies.

(./build/thesis_presentation.nav)
LaTeX Font Info:    Font shape `TU/FiraSansLight(0)/m/n' will be
(Font)              scaled to size 4.24477pt on input line 40.
LaTeX Font Info:    Font shape `TU/FiraSansLight(0)/b/n' will be
(Font)              scaled to size 4.19662pt on input line 40.

warning  (file logos/tu.pdf) (pdf inclusion): PDF inclusion: found PDF version '
1.7', but at most version '1.5' allowed
<logos/tu.pdf, id=13, 340.27126pt x 55.20625pt>
File: logos/tu.pdf Graphic file (type pdf)
<use logos/tu.pdf>
Package luatex.def Info: logos/tu.pdf  used on input line 40.
(luatex.def)             Requested size: 140.30132pt x 22.76271pt.
LaTeX Font Info:    Font shape `TU/FiraSansLight(0)/m/n' will be
(Font)              scaled to size 10.18744pt on input line 40.
File: logos/tu.pdf Graphic file (type pdf)
<use logos/tu.pdf>
Package luatex.def Info: logos/tu.pdf  used on input line 42.
(luatex.def)             Requested size: 140.30132pt x 22.76271pt.
<images/tudo-title-2.jpg, id=14, 648.5028pt x 291.9708pt>
File: images/tudo-title-2.jpg Graphic file (type jpg)
<use images/tudo-title-2.jpg>
Package luatex.def Info: images/tudo-title-2.jpg  used on input line 42.
(luatex.def)             Requested size: 233.88553pt x 105.29651pt.
LaTeX Font Info:    Font shape `TU/FiraSansLight(0)/m/n' will be
(Font)              scaled to size 17.60728pt on input line 42.
LaTeX Font Info:    Font shape `TU/FiraSansLight(0)/b/n' will be
(Font)              scaled to size 17.4076pt on input line 42.
LaTeX Font Info:    Font shape `TU/FiraSansLight(0)/b/n' will be
(Font)              scaled to size 8.39325pt on input line 42.
LaTeX Font Info:    Font shape `TU/FiraSansLight(0)/m/n' will be
(Font)              scaled to size 12.22491pt on input line 42.
LaTeX Font Info:    Font shape `TU/FiraSansLight(0)/b/n' will be
(Font)              scaled to size 10.0719pt on input line 42.
LaTeX Font Info:    Font shape `TU/FiraSansLight(0)/m/n' will be
(Font)              scaled to size 3.39581pt on input line 42.
File: logos/tu.pdf Graphic file (type pdf)
<use logos/tu.pdf>
Package luatex.def Info: logos/tu.pdf  used on input line 42.
(luatex.def)             Requested size: 140.30132pt x 22.76271pt.
[1{/usr/local/texlive/2023/texmf-var/fonts/map/pdftex/updmap/pdftex.map}

<./logos/tu.pdf><./images/tudo-title-2.jpg>]
File: logos/tu.pdf Graphic file (type pdf)
<use logos/tu.pdf>
Package luatex.def Info: logos/tu.pdf  used on input line 53.
(luatex.def)             Requested size: 140.30132pt x 22.76271pt.
File: logos/tu.pdf Graphic file (type pdf)
<use logos/tu.pdf>
Package luatex.def Info: logos/tu.pdf  used on input line 53.
(luatex.def)             Requested size: 140.30132pt x 22.76271pt.
 [2

]
File: logos/tu.pdf Graphic file (type pdf)
<use logos/tu.pdf>
Package luatex.def Info: logos/tu.pdf  used on input line 70.
(luatex.def)             Requested size: 140.30132pt x 22.76271pt.
<../programming/frb-cosmology/plots/frb/frb_sky_distribution_petroff.png, id=34
, 586.19pt x 285.065pt>
File: ../programming/frb-cosmology/plots/frb/frb_sky_distribution_petroff.png G
raphic file (type png)
<use ../programming/frb-cosmology/plots/frb/frb_sky_distribution_petroff.png>
Package luatex.def Info: ../programming/frb-cosmology/plots/frb/frb_sky_distrib
ution_petroff.png  used on input line 70.
(luatex.def)             Requested size: 191.35854pt x 93.0539pt.
File: logos/tu.pdf Graphic file (type pdf)
<use logos/tu.pdf>
Package luatex.def Info: logos/tu.pdf  used on input line 70.
(luatex.def)             Requested size: 140.30132pt x 22.76271pt.
 [3

<../programming/frb-cosmology/plots/frb/frb_sky_distribution_petroff.png>]
File: logos/tu.pdf Graphic file (type pdf)
<use logos/tu.pdf>
Package luatex.def Info: logos/tu.pdf  used on input line 88.
(luatex.def)             Requested size: 140.30132pt x 22.76271pt.
<../programming/frb-cosmology/plots/frb/FRB_bias_bz.png, id=42, 505.89pt x 361.
35pt>
File: ../programming/frb-cosmology/plots/frb/FRB_bias_bz.png Graphic file (type
 png)
<use ../programming/frb-cosmology/plots/frb/FRB_bias_bz.png>
Package luatex.def Info: ../programming/frb-cosmology/plots/frb/FRB_bias_bz.png
  used on input line 88.
(luatex.def)             Requested size: 191.35854pt x 136.68585pt.
File: logos/tu.pdf Graphic file (type pdf)
<use logos/tu.pdf>
Package luatex.def Info: logos/tu.pdf  used on input line 88.
(luatex.def)             Requested size: 140.30132pt x 22.76271pt.
 [4

<../programming/frb-cosmology/plots/frb/FRB_bias_bz.png>]
File: logos/tu.pdf Graphic file (type pdf)
<use logos/tu.pdf>
Package luatex.def Info: logos/tu.pdf  used on input line 101.
(luatex.def)             Requested size: 140.30132pt x 22.76271pt.
File: logos/tu.pdf Graphic file (type pdf)
<use logos/tu.pdf>
Package luatex.def Info: logos/tu.pdf  used on input line 101.
(luatex.def)             Requested size: 140.30132pt x 22.76271pt.
 [5

]
File: logos/tu.pdf Graphic file (type pdf)
<use logos/tu.pdf>
Package luatex.def Info: logos/tu.pdf  used on input line 125.
(luatex.def)             Requested size: 140.30132pt x 22.76271pt.
LaTeX Font Info:    Font shape `TU/FiraSansLight(1)/m/n' will be
(Font)              scaled to size 8.48953pt on input line 125.
LaTeX Font Info:    Font shape `TU/FiraSansLight(1)/m/n' will be
(Font)              scaled to size 6.11246pt on input line 125.
LaTeX Font Info:    Font shape `TU/FiraSansLight(1)/m/n' will be
(Font)              scaled to size 4.92392pt on input line 125.
<../programming/frb-cosmology/plots/frb/FRB_nz_shallow_deep.png, id=54, 505.89p
t x 361.35pt>
File: ../programming/frb-cosmology/plots/frb/FRB_nz_shallow_deep.png Graphic fi
le (type png)
<use ../programming/frb-cosmology/plots/frb/FRB_nz_shallow_deep.png>
Package luatex.def Info: ../programming/frb-cosmology/plots/frb/FRB_nz_shallow_
deep.png  used on input line 125.
(luatex.def)             Requested size: 212.62204pt x 151.87624pt.
<../programming/frb-cosmology/plots/galaxy/Galaxy_nz_bins.png, id=55, 578.16pt 
x 361.35pt>
File: ../programming/frb-cosmology/plots/galaxy/Galaxy_nz_bins.png Graphic file
 (type png)
<use ../programming/frb-cosmology/plots/galaxy/Galaxy_nz_bins.png>
Package luatex.def Info: ../programming/frb-cosmology/plots/galaxy/Galaxy_nz_bi
ns.png  used on input line 125.
(luatex.def)             Requested size: 212.62204pt x 132.88689pt.

Overfull \vbox (90.08025pt too high) detected at line 125
 []

File: logos/tu.pdf Graphic file (type pdf)
<use logos/tu.pdf>
Package luatex.def Info: logos/tu.pdf  used on input line 125.
(luatex.def)             Requested size: 140.30132pt x 22.76271pt.
[6

<../programming/frb-cosmology/plots/frb/FRB_nz_shallow_deep.png><../programming/
frb-cosmology/plots/galaxy/Galaxy_nz_bins.png>]
File: logos/tu.pdf Graphic file (type pdf)
<use logos/tu.pdf>
Package luatex.def Info: logos/tu.pdf  used on input line 142.
(luatex.def)             Requested size: 140.30132pt x 22.76271pt.
LaTeX Font Info:    Font shape `TU/FiraMono(0)/m/n' will be
(Font)              scaled to size 8.42514pt on input line 142.
LaTeX Font Info:    Font shape `TU/FiraSansLight(0)/m/it' will be
(Font)              scaled to size 8.48953pt on input line 142.
<../programming/frb-cosmology/plots/frb/FRB_magnetar_Cell_shallow_shotnoise.png
, id=63, 505.89pt x 361.35pt>
File: ../programming/frb-cosmology/plots/frb/FRB_magnetar_Cell_shallow_shotnois
e.png Graphic file (type png)
<use ../programming/frb-cosmology/plots/frb/FRB_magnetar_Cell_shallow_shotnoise
.png>
Package luatex.def Info: ../programming/frb-cosmology/plots/frb/FRB_magnetar_Ce
ll_shallow_shotnoise.png  used on input line 142.
(luatex.def)             Requested size: 212.62204pt x 151.87624pt.
File: logos/tu.pdf Graphic file (type pdf)
<use logos/tu.pdf>
Package luatex.def Info: logos/tu.pdf  used on input line 142.
(luatex.def)             Requested size: 140.30132pt x 22.76271pt.
 [7

<../programming/frb-cosmology/plots/frb/FRB_magnetar_Cell_shallow_shotnoise.png>
]
File: logos/tu.pdf Graphic file (type pdf)
<use logos/tu.pdf>
Package luatex.def Info: logos/tu.pdf  used on input line 158.
(luatex.def)             Requested size: 140.30132pt x 22.76271pt.
<../programming/frb-cosmology/plots/frb_x_galaxy/comparisons/survey_magnetar_al
l_bins.png, id=72, 650.43pt x 433.62pt>
File: ../programming/frb-cosmology/plots/frb_x_galaxy/comparisons/survey_magnet
ar_all_bins.png Graphic file (type png)
<use ../programming/frb-cosmology/plots/frb_x_galaxy/comparisons/survey_magneta
r_all_bins.png>
Package luatex.def Info: ../programming/frb-cosmology/plots/frb_x_galaxy/compar
isons/survey_magnetar_all_bins.png  used on input line 158.
(luatex.def)             Requested size: 212.62204pt x 141.74527pt.
LaTeX Font Info:    Font shape `TU/FiraMath(1)/m/n' will be
(Font)              scaled to size 10.11017pt on input line 158.
LaTeX Font Info:    Font shape `TU/FiraMath(1)/m/n' will be
(Font)              scaled to size 6.74011pt on input line 158.
LaTeX Font Info:    Font shape `TU/FiraMath(1)/m/n' will be
(Font)              scaled to size 5.05508pt on input line 158.
LaTeX Font Info:    Font shape `TU/FiraMath(2)/m/n' will be
(Font)              scaled to size 10.11017pt on input line 158.
LaTeX Font Info:    Font shape `TU/FiraMath(2)/m/n' will be
(Font)              scaled to size 6.74011pt on input line 158.
LaTeX Font Info:    Font shape `TU/FiraMath(2)/m/n' will be
(Font)              scaled to size 5.05508pt on input line 158.
LaTeX Font Info:    Font shape `TU/FiraMath(3)/m/n' will be
(Font)              scaled to size 10.11017pt on input line 158.
LaTeX Font Info:    Font shape `TU/FiraMath(3)/m/n' will be
(Font)              scaled to size 6.74011pt on input line 158.
LaTeX Font Info:    Font shape `TU/FiraMath(3)/m/n' will be
(Font)              scaled to size 5.05508pt on input line 158.
LaTeX Font Info:    Font shape `TU/FiraSansLight(1)/m/n' will be
(Font)              scaled to size 10.18744pt on input line 158.
LaTeX Font Info:    Font shape `TU/FiraSansLight(1)/m/n' will be
(Font)              scaled to size 6.79163pt on input line 158.
LaTeX Font Info:    Font shape `TU/FiraSansLight(1)/m/n' will be
(Font)              scaled to size 5.09372pt on input line 158.
File: logos/tu.pdf Graphic file (type pdf)
<use logos/tu.pdf>
Package luatex.def Info: logos/tu.pdf  used on input line 158.
(luatex.def)             Requested size: 140.30132pt x 22.76271pt.
 [8

<../programming/frb-cosmology/plots/frb_x_galaxy/comparisons/survey_magnetar_all
_bins.png>]
File: logos/tu.pdf Graphic file (type pdf)
<use logos/tu.pdf>
Package luatex.def Info: logos/tu.pdf  used on input line 172.
(luatex.def)             Requested size: 140.30132pt x 22.76271pt.
File: logos/tu.pdf Graphic file (type pdf)
<use logos/tu.pdf>
Package luatex.def Info: logos/tu.pdf  used on input line 172.
(luatex.def)             Requested size: 140.30132pt x 22.76271pt.
 [9

]
File: logos/tu.pdf Graphic file (type pdf)
<use logos/tu.pdf>
Package luatex.def Info: logos/tu.pdf  used on input line 190.
(luatex.def)             Requested size: 140.30132pt x 22.76271pt.
LaTeX Font Info:    Font shape `TU/FiraSansLight(0)/m/n' will be
(Font)              scaled to size 7.64058pt on input line 190.
LaTeX Font Info:    Font shape `TU/FiraSansLight(0)/b/n' will be
(Font)              scaled to size 7.55392pt on input line 190.
LaTeX Font Info:    Font shape `TU/FiraMath(1)/m/n' will be
(Font)              scaled to size 7.58263pt on input line 190.
LaTeX Font Info:    Font shape `TU/FiraMath(1)/m/n' will be
(Font)              scaled to size 4.21257pt on input line 190.
LaTeX Font Info:    Font shape `TU/FiraMath(2)/m/n' will be
(Font)              scaled to size 7.58263pt on input line 190.
LaTeX Font Info:    Font shape `TU/FiraMath(2)/m/n' will be
(Font)              scaled to size 4.21257pt on input line 190.
LaTeX Font Info:    Font shape `TU/FiraMath(3)/m/n' will be
(Font)              scaled to size 7.58263pt on input line 190.
LaTeX Font Info:    Font shape `TU/FiraMath(3)/m/n' will be
(Font)              scaled to size 4.21257pt on input line 190.
LaTeX Font Info:    Font shape `TU/FiraSansLight(1)/m/n' will be
(Font)              scaled to size 7.64058pt on input line 190.
LaTeX Font Info:    Font shape `TU/FiraSansLight(1)/m/n' will be
(Font)              scaled to size 4.24477pt on input line 190.
<../programming/frb-cosmology/plots/fisher/fisher_comparison_2x2.png, id=84, 86
7.24pt x 722.7pt>
File: ../programming/frb-cosmology/plots/fisher/fisher_comparison_2x2.png Graph
ic file (type png)
<use ../programming/frb-cosmology/plots/fisher/fisher_comparison_2x2.png>
Package luatex.def Info: ../programming/frb-cosmology/plots/fisher/fisher_compa
rison_2x2.png  used on input line 190.
(luatex.def)             Requested size: 221.12872pt x 184.26952pt.
File: logos/tu.pdf Graphic file (type pdf)
<use logos/tu.pdf>
Package luatex.def Info: logos/tu.pdf  used on input line 190.
(luatex.def)             Requested size: 140.30132pt x 22.76271pt.

[10

<../programming/frb-cosmology/plots/fisher/fisher_comparison_2x2.png>]
File: logos/tu.pdf Graphic file (type pdf)
<use logos/tu.pdf>
Package luatex.def Info: logos/tu.pdf  used on input line 199.
(luatex.def)             Requested size: 140.30132pt x 22.76271pt.
File: logos/tu.pdf Graphic file (type pdf)
<use logos/tu.pdf>
Package luatex.def Info: logos/tu.pdf  used on input line 199.
(luatex.def)             Requested size: 140.30132pt x 22.76271pt.

[11

]
File: logos/tu.pdf Graphic file (type pdf)
<use logos/tu.pdf>
Package luatex.def Info: logos/tu.pdf  used on input line 215.
(luatex.def)             Requested size: 140.30132pt x 22.76271pt.
<../programming/frb-cosmology/plots/fisher_lsst/fisher_kids_vs_lsst_2x2.png, id
=98, 867.24pt x 722.7pt>
File: ../programming/frb-cosmology/plots/fisher_lsst/fisher_kids_vs_lsst_2x2.pn
g Graphic file (type png)
<use ../programming/frb-cosmology/plots/fisher_lsst/fisher_kids_vs_lsst_2x2.png
>
Package luatex.def Info: ../programming/frb-cosmology/plots/fisher_lsst/fisher_
kids_vs_lsst_2x2.png  used on input line 215.
(luatex.def)             Requested size: 212.62204pt x 177.17883pt.
File: logos/tu.pdf Graphic file (type pdf)
<use logos/tu.pdf>
Package luatex.def Info: logos/tu.pdf  used on input line 215.
(luatex.def)             Requested size: 140.30132pt x 22.76271pt.
 [12

<../programming/frb-cosmology/plots/fisher_lsst/fisher_kids_vs_lsst_2x2.png>]
File: logos/tu.pdf Graphic file (type pdf)
<use logos/tu.pdf>
Package luatex.def Info: logos/tu.pdf  used on input line 226.
(luatex.def)             Requested size: 140.30132pt x 22.76271pt.
File: logos/tu.pdf Graphic file (type pdf)
<use logos/tu.pdf>
Package luatex.def Info: logos/tu.pdf  used on input line 226.
(luatex.def)             Requested size: 140.30132pt x 22.76271pt.
 [13

]
File: logos/tu.pdf Graphic file (type pdf)
<use logos/tu.pdf>
Package luatex.def Info: logos/tu.pdf  used on input line 233.
(luatex.def)             Requested size: 140.30132pt x 22.76271pt.
File: logos/tu.pdf Graphic file (type pdf)
<use logos/tu.pdf>
Package luatex.def Info: logos/tu.pdf  used on input line 233.
(luatex.def)             Requested size: 140.30132pt x 22.76271pt.
 [14

]
\tf@nav=\write5

\openout5 = thesis_presentation.nav
\tf@toc=\write6

\openout6 = thesis_presentation.toc
\tf@snm=\write7

\openout7 = thesis_presentation.snm
 (./build/thesis_presentation.aux)
 ***********
LaTeX2e <2023-06-01> patch level 1
L3 programming layer <2023-08-29>
 ***********
)

Here is how much of LuaTeX's memory you used:
 35184 strings out of 477259
 100000,1977958 words of node,token memory allocated
 2464 words of node memory still in use:
   35 hlist, 9 vlist, 5 rule, 6 disc, 7 local_par, 58 glue, 21 kern, 15 penalty,
 70 glyph, 127 attribute, 70 glue_spec, 65 attribute_list, 4 write, 12 pdf_color
stack, 1 pdf_setmatrix, 1 pdf_save, 1 pdf_restore nodes
   avail lists: 1:2,2:799,3:252,4:231,5:355,6:54,7:2233,8:40,9:462,10:21,11:143
 55469 multiletter control sequences out of 65536+600000
 123 fonts using 32111159 bytes
 128i,18n,144p,393b,1046s stack positions out of 10000i,1000n,20000p,200000b,200000s
</usr/local/texlive/2023/texmf-dist/fonts/opentype/public/firamath/FiraMath-Regu
lar.otf></usr/local/texlive/2023/texmf-dist/fonts/opentype/public/fira/FiraSans-
LightItalic.otf></usr/local/texlive/2023/texmf-dist/fonts/opentype/public/fira/F
iraMono-Regular.otf></usr/local/texlive/2023/texmf-dist/fonts/opentype/public/fi
ramath/FiraMath-Regular.otf></usr/local/texlive/2023/texmf-dist/fonts/opentype/p
ublic/firamath/FiraMath-Regular.otf></usr/local/texlive/2023/texmf-dist/fonts/op
entype/public/fira/FiraSans-Medium.otf></usr/local/texlive/2023/texmf-dist/fonts
/opentype/public/fira/FiraSans-Light.otf>
Output written on thesis_presentation.pdf (14 pages, 1320640 bytes).

PDF statistics: 162 PDF objects out of 1000 (max. 8388607)
 98 compressed objects within 1 object stream
 29 named destinations out of 1000 (max. 131072)
 16 words of extra memory for PDF output out of 10000 (max. 100000000)

